00000000 r 
03f80000 T _start
03f80020 t _undefined_instruction
03f80024 t _software_interrupt
03f80028 t _prefetch_abort
03f8002c t _data_abort
03f80030 t _not_used
03f80034 t _irq
03f80038 t _fiq
03f80040 t _TEXT_BASE
03f80044 T _armboot_start
03f80048 T _bss_start
03f8004c T _bss_end
03f80050 t reset
03f80064 t relocate
03f80084 t copy_loop
03f80094 t stack_setup
03f800a4 t clear_bss
03f800b0 t clbss_l
03f800c4 t _start_armboot
03f800c8 t cpu_init_crit
03f80120 t undefined_instruction
03f80180 t software_interrupt
03f801e0 t prefetch_abort
03f80240 t data_abort
03f802a0 t not_used
03f80300 t irq
03f80360 t fiq
03f803c0 t _TEXT_BASE
03f803c4 T lowlevel_init
03f803c8 T enable_interrupts
03f803cc T disable_interrupts
03f803d4 T bad_mode
03f803f0 T show_regs
03f80530 T do_undefined_instruction
03f80554 T do_software_interrupt
03f80578 T do_prefetch_abort
03f8059c T do_data_abort
03f805c0 T do_not_used
03f805e4 T do_fiq
03f80608 T do_irq
03f8062c t READ_TIMER
03f80660 T set_timer
03f80670 T reset_timer_masked
03f80690 T reset_timer
03f80694 T interrupt_init
03f806d8 T get_timer_masked
03f8070c T get_timer
03f80720 T udelay
03f80788 T udelay_masked
03f807dc T get_ticks
03f807f0 T get_tbclk
03f807fc T reset_cpu
03f80858 t display_banner
03f808c8 t init_baudrate
03f80924 T nand_init
03f80948 T sbrk
03f80980 T raise
03f80984 T hang
03f80998 T start_armboot
03f80bb0 t __fswab16
03f80bc0 t __fswab32
03f80bc8 t startAgainTimeout
03f80bdc t startAgainHandler
03f80be0 t NetCopyIP
03f80be8 t NetReadIP
03f80c04 t PingHandler
03f80c2c t NetWriteIP
03f80c48 t PingTimeout
03f80c64 T NetSetHandler
03f80c74 T NetSetTimeout
03f80ca4 T NetStartAgain
03f80d20 T NetSendPacket
03f80d24 T NetCksum
03f80d58 T NetCksumOk
03f80d78 T NetEthHdrSize
03f80db4 T NetSetEther
03f80e54 T ArpRequest
03f80f34 T ArpTimeoutCheck
03f80fa8 T PingSend
03f810cc T NetSetIP
03f811b0 T NetSendUDPPacket
03f812e8 T copy_filename
03f8132c T ip_to_string
03f81368 T string_to_ip
03f813d0 T VLAN_to_string
03f81424 T string_to_VLAN
03f81468 T print_IPaddr
03f81484 T NetReceive
03f81910 T getenv_IPaddr
03f81920 T getenv_VLAN
03f81930 T NetLoop
03f81d40 t __fswab16
03f81d50 t TftpSend
03f81eb0 t TftpTimeout
03f81f0c t TftpHandler
03f82140 T TftpStart
03f82330 t __fswab16
03f82340 t __fswab32
03f82348 t truncate_sz
03f8237c t NetCopyLong
03f82384 t NetCopyIP
03f8238c t NetReadLong
03f823a8 t DhcpOptionsProcess
03f82514 t DhcpExtended
03f8266c t BootpCopyNetParams
03f82718 t DhcpHandler
03f82a1c t NetWriteIP.clone.0
03f82a38 T BootpRequest
03f82bd4 t BootpTimeout
03f82c1c T DhcpRequest
03f82c20 t RarpHandler
03f82c7c T RarpRequest
03f82d6c t RarpTimeout
03f82db4 T eth_parse_enetaddr
03f82e08 T eth_getenv_enetaddr
03f82e64 T eth_initialize
03f82e80 t __fswab32
03f82e88 t NfsTimeout
03f82eac t basename
03f82eec t dirname
03f82f08 t rpc_add_credentials
03f82fcc t rpc_lookup_reply
03f8306c t nfs_mount_reply
03f83100 t nfs_umountall_reply
03f83184 t nfs_lookup_reply
03f83210 t rpc_req
03f83308 t rpc_lookup_req
03f83368 t nfs_mount_req
03f833fc t nfs_umountall_req
03f83454 t nfs_lookup_req
03f834fc t nfs_read_req
03f8357c t nfs_readlink_req
03f835d4 t NfsSend
03f8365c t nfs_readlink_reply
03f83754 t nfs_read_reply.clone.0
03f8388c t NfsHandler
03f83a64 T NfsStart
03f83c8c t delete_char.clone.0
03f83d68 T readline
03f83f58 T run_command
03f84388 T main_loop
03f84518 T do_run
03f84598 t __fswab32
03f845a0 T autoscript
03f84708 T do_autoscript
03f84748 t print_num
03f84760 T do_bdinfo
03f84834 T do_go
03f848b4 t __fswab32
03f848bc t zfree
03f848c4 t zalloc
03f848d4 T do_bootd
03f848f8 T print_image_hdr
03f84a50 t do_imls
03f84b7c t image_info
03f84c6c T do_iminfo
03f84ccc T gunzip
03f84e18 T do_bootm
03f85328 T do_coninfo
03f853f8 T get_dev
03f85480 T do_fat_fsinfo
03f85558 T do_fat_ls
03f85660 T do_fat_fsstore
03f857d0 T do_fat_fsload
03f85950 t flash_fill_sect_ranges
03f85b18 t addr_spec
03f85c98 t abbrev_spec
03f85df4 T do_flinfo
03f85e9c T flash_sect_erase
03f85f84 T do_flerase
03f86160 T flash_sect_protect
03f86264 T do_protect
03f86508 t __fswab32
03f86510 T do_i2c_loop
03f86624 T do_i2c_probe
03f86674 T do_i2c_md
03f8685c T do_i2c_crc
03f869ac T do_i2c_reg_set
03f86aac T do_i2c_mw
03f86bdc t mod_i2c_mem.clone.0
03f86de4 T do_i2c_nm
03f86e0c T do_i2c_mm
03f86e34 t __fswab32
03f86e3c t ide_outb
03f86e60 t ide_inb
03f86e84 t ident_cpy
03f86ef4 t ide_wait
03f86f3c T do_diskboot
03f8728c t input_data.clone.0
03f872c4 t ide_ident
03f873b8 T ide_read
03f87594 T ide_init
03f8770c T ide_get_dev
03f87720 T ide_write
03f87880 T do_ide
03f87c44 t evalstr
03f87c60 t evalexp
03f87ca8 T binary_test
03f87e68 T do_itest
03f87f14 t bin_data_init
03f87f34 t bin_data_char
03f87f64 t load_serial
03f88174 T do_load_serial
03f88250 T send_pad
03f8827c T ktrans
03f8829c T chk1
03f882c4 T s1_sendpacket
03f882e8 T send_ack
03f88344 T send_nack
03f883a0 T k_data_init
03f883c0 T k_data_save
03f883ec T k_data_restore
03f88418 T k_data_char
03f88468 T handle_send_packet
03f8862c T do_load_serial_bin
03f88a30 T do_mem_base
03f88a70 T do_mem_crc
03f88bac T do_mem_mtest
03f88cd0 T cmd_get_data_size
03f88d20 T do_mem_loop
03f88e1c T do_mem_cp
03f89018 T do_mem_cmp
03f891b4 T do_mem_mw
03f89284 t mod_mem.clone.0
03f893dc T do_mem_nm
03f89404 T do_mem_mm
03f8942c T do_mem_md
03f89614 t extract_range
03f8965c T MII_dump_0_to_5
03f89910 T do_mii
03f89d94 T do_sleep
03f89e24 T do_mmc
03f89e9c T do_mmc_read
03f89f80 T do_mmc_write
03f8a064 t sd_check_ctrlc
03f8a088 T do_mmc_wait_insert
03f8a124 T memdump
03f8a17c T mmc_register_device
03f8a238 T do_mmc_read_img
03f8a51c T do_dma_cp
03f8a6fc T free_dma_channels
03f8a714 T isbbtbadblock
03f8a768 T update_bbt_inram
03f8a7a4 T toshiba_get_parameter
03f8a7ac T do_parseimg
03f8a8ac t nand_print
03f8a960 T rdmzier
03f8a9c0 T rdmzier_oob
03f8aa44 T get_current_nand_chip
03f8aa6c T WRITE_NAND_COMMAND
03f8aa84 T print_nfc_register
03f8aaec T print_nand_buf
03f8aba4 T nfc_ecc_set
03f8acdc T shift_bit
03f8ad04 T NFC_WAIT_READY
03f8ad34 T NAND_WAIT_READY
03f8ad7c T NFC_WAIT_CMD_READY
03f8adac T NAND_WAIT_IDLE
03f8ade8 T check_block
03f8aedc T NanD_Address
03f8b088 T nand_init_pdma
03f8b0bc T nand_free_pdma
03f8b0d8 T nand_alloc_desc_pool
03f8b0f8 T nand_init_short_desc
03f8b13c T nand_init_long_desc
03f8b198 T nand_config_pdma
03f8b1cc T nfc_dma_cfg
03f8b35c T nand_pdma_handler
03f8b43c T hynix_read_retry_get_para
03f8b628 T get_read_retry_para
03f8b668 T hynix_read_retry_set_para
03f8b874 T set_read_retry_para
03f8b8b4 T NFC_CHECK_ECC
03f8b918 T nand_read_status
03f8b99c T nand_read_page
03f8bb20 T wmt_nand_erase
03f8bbd8 T nand_page_program
03f8bcd0 T eslc_nand_write_block
03f8bed4 T nand_write_block
03f8c0ac T eslc_nand_read_block
03f8c144 T nand_read_block
03f8c1b8 T nfc_1bit_ecc_correct
03f8c32c T nfc_1bit_read_page
03f8c394 T calculate_ECC_info
03f8c5cc T nfc_BCH_ecc_correct
03f8c6b8 T nfc_BCH_ecc_check
03f8c7b4 T wmt_nand_reset
03f8c814 T set_ECC_mode
03f8c8bc T update_bbt_inflash
03f8cd38 T creat_bbt
03f8cf44 T nand_readID
03f8cfc4 T nand_get_feature
03f8d074 T nand_set_feature
03f8d11c T wmt_calc_clock
03f8d464 T wmt_get_timing
03f8d548 T get_parameter
03f8d6a4 T hynix_get_parameter
03f8d8a4 T set_parameter
03f8da0c T dummy_read
03f8db1c T hynix_set_parameter
03f8dbe0 T nand_reset_no_read_status
03f8dc40 T write_bytes_param
03f8ddf4 T hynix_get_otp
03f8e0ac T toshiba_send_data
03f8e1c0 T toshiba_set_parameter
03f8e234 T toshiba_pre_condition
03f8e29c T nfc_BCH_read_page
03f8e6b4 T read_retry_param_from_nand
03f8e86c T write_retry_param_to_nand
03f8e9b4 T get_pattern_small
03f8ea48 T get_pattern_large
03f8eadc T WMT_check_pattern
03f8eb84 T find_bbt
03f8edb0 T nand_probe
03f8f734 T check_block_table
03f8f840 T nand_erase
03f8f994 T WMTLoadImageFormNAND
03f8fb84 T nand_boot
03f8fd58 T eslc_load_image
03f8ff94 T WMTSaveImageToNAND
03f90328 T eslc_save_image
03f9074c T WMTEraseNAND
03f90aa0 T tellme_whereistable
03f90b6c T tellme_badblock
03f90c50 T WMTEraseNANDALL
03f90d18 T tellme_nandinfo
03f90e58 T do_nand
03f9183c T do_ping
03f918cc t netboot_common
03f91b74 T do_nfs
03f91b80 T do_dhcp
03f91b8c T do_rarpb
03f91b98 T do_tftpb
03f91ba4 T do_bootp
03f91bb0 t envmatch
03f91c24 T do_saveenv
03f91c50 T do_printenv
03f91dfc T _do_setenv
03f92258 T do_setenv
03f92294 T setenv
03f922c8 T getenv
03f92348 T getenv_r
03f92404 t __fswab32
03f9240c T do_usbboot
03f927c8 T usb_get_class_desc
03f92874 T usb_display_class_sub
03f929e8 T usb_display_string
03f92a1c T usb_display_desc
03f92b44 T usb_display_conf_desc
03f92bf0 T usb_display_if_desc
03f92c78 T usb_display_ep_desc
03f92d2c T usb_display_config
03f92dbc T usb_show_tree_graph
03f92fc8 T usb_show_tree
03f92ff8 T do_usb
03f93474 T do_echo
03f934f4 T do_version
03f93514 T var_complete
03f9359c T do_exit
03f935cc T do_test
03f93a34 T find_cmd
03f93ac8 T do_help
03f93c88 t install_auto_complete_handler.clone.1
03f93ca4 T install_auto_complete
03f93cd0 T cmd_auto_complete
03f94148 t console_setfile
03f941ec T serial_printf
03f94230 T fgetc
03f9425c T ftstc
03f94288 T fputc
03f942b0 T fputs
03f942d8 T fprintf
03f94320 T getc
03f94338 T tstc
03f94350 T putc
03f9436c T puts
03f94388 T printf
03f943cc T vprintf
03f94400 T ctrlc
03f9444c T disable_ctrlc
03f94464 T had_ctrlc
03f94474 T clear_ctrlc
03f94488 T dbg
03f94494 T console_assign
03f94524 T console_init_f
03f94534 T console_init_r
03f946c4 T device_register
03f946e8 T devices_init
03f947c4 T devices_done
03f947e0 T malloc_bin_reloc
03f9481c T malloc_trim
03f948ec T free
03f94b14 T cfree
03f94b18 T malloc
03f95090 T calloc
03f9516c T memalign
03f9527c T pvalloc
03f95294 T valloc
03f952a0 T realloc
03f956f0 T malloc_usable_size
03f95730 T mallopt
03f957a4 T env_get_char_memory
03f957c8 t env_get_char_init
03f957e8 T env_crc_update
03f95810 T env_get_addr
03f95834 T env_relocate
03f958d0 T env_complete
03f95a0c T env_get_char_spec
03f95a18 T env_init
03f95b1c T saveenv
03f95c64 T env_relocate_spec
03f95da0 t dummy
03f95da4 T get_version
03f95dac T jumptable_init
03f95e54 t display_set_pwm
03f95f30 T display_init
03f96070 T display_clear
03f9607c T controlGPIO
03f961c0 t wmt_display_main
03f963f4 t rgb2color565
03f9640c t rgb2color888
03f96418 t putcolor2fb16
03f96430 t putcolor2fb32
03f96448 T mv_initPrimary
03f964dc T mv_drawLine
03f96578 T mv_drawRect
03f965e4 T mv_fillRect
03f96640 T mv_le_to_cpu
03f96660 T mv_loadBmp
03f969e4 T mv_textOut
03f96b7c T vpp_mod_init
03f96b94 T vpp_device_init
03f96bd8 T wmt_graphic_init
03f970e0 T excute_reg_op
03f971c4 t wmt_do_mbit
03f97200 t atoi
03f97284 T do_textout
03f97458 T parse_gpio_operation
03f97524 T parse_pwm_params
03f97794 T flash_protect
03f97864 T addr2info
03f978d4 T flash_write
03f97a30 T flash_perror
03f97b10 t b_reset
03f97b2c t static_get
03f97b48 t static_peek
03f97b54 t file_peek
03f97b60 t setup_string_in_str
03f97b8c t is_assignment
03f97be0 t file_get
03f97da8 t syntax_err
03f97db4 t xmalloc
03f97dd4 t free_pipe_list
03f97ebc t b_free
03f97ee0 t xrealloc
03f97f00 t done_command
03f97f88 t insert_var_value
03f98134 t b_addchr
03f981ac t b_addqchr
03f981f8 t set_local_var.clone.3
03f9837c T simple_itoa
03f983d8 T new_pipe
03f98400 t initialize_context
03f98438 t done_pipe
03f98484 T reserved_word
03f985b8 t done_word
03f98724 T mapset
03f98748 T update_ifs_map
03f987b8 T parse_string_outer
03f98878 t run_list_real
03f9906c t parse_stream_outer
03f9960c T parse_file_outer
03f99650 T u_boot_hush_start
03f996c8 T NewHandle
03f99724 T DisposeHandle
03f99744 T GetHandleSize
03f9974c T SetHandleSize
03f997c8 T ListCreate
03f99828 T ListSetAllocationPolicy
03f9983c T ListDispose
03f99840 T ListInsertItems
03f99a04 T ListInsertItem
03f99a0c T ListGetItems
03f99a48 T ListGetPtrToItem
03f99a74 T ListGetDataPtr
03f99a80 T ListGetItemSize
03f99a8c T ListNumItems
03f99a98 T miiphy_init
03f99ab4 T miiphy_register
03f99b90 T miiphy_set_current_dev
03f99bec T miiphy_get_current_dev
03f99c04 T miiphy_read
03f99c90 T miiphy_write
03f99d1c T miiphy_listdev
03f99d84 T miiphy_info
03f99e08 T miiphy_reset
03f99ea8 T miiphy_speed
03f99f28 T miiphy_duplex
03f99fa8 t hex1_bin
03f99fe8 t hex2_bin
03f9a01c T srec_decode
03f9a288 t usb_set_maxpacket_ep
03f9a2d0 T wait_ms
03f9a2f0 T usb_disable_asynch
03f9a310 T usb_submit_int_msg
03f9a314 T usb_control_msg
03f9a410 T usb_bulk_msg
03f9a480 T usb_maxpacket
03f9a4a0 T usb_set_maxpacket
03f9a4dc T usb_parse_config
03f9a62c T usb_clear_halt
03f9a6c8 T usb_get_descriptor
03f9a724 T usb_get_configuration_no
03f9a7b8 T usb_set_address
03f9a7f8 T usb_set_interface
03f9a8ac T usb_set_configuration
03f9a924 T usb_set_protocol
03f9a974 T usb_set_idle
03f9a9cc T usb_get_report
03f9aa30 T usb_get_class_descriptor
03f9aa94 T usb_get_string
03f9ab18 t usb_string_sub
03f9ac10 T usb_string
03f9ad14 T usb_get_dev_index
03f9ad40 T usb_alloc_new_device
03f9ae70 T usb_get_hub_descriptor
03f9aec4 T usb_clear_hub_feature
03f9af10 T usb_clear_port_feature
03f9af60 T usb_set_port_feature
03f9afb0 t usb_hub_power_on
03f9aff4 T usb_get_hub_status
03f9b040 T usb_get_port_status
03f9b090 T usb_hub_reset
03f9b0a4 T usb_stop
03f9b0e0 T usb_hub_allocate
03f9b124 T hub_port_reset
03f9b1c4 T usb_new_device
03f9b4a0 T usb_scan_devices
03f9b544 T usb_init
03f9b5e4 T usb_hub_port_connect_change
03f9b700 T usb_hub_configure
03f9b8fc T usb_hub_probe
03f9b954 T portspeed
03f9b988 t usb_stor_irq
03f9b9a4 t usb_stor_BBB_reset
03f9ba88 t usb_stor_CB_reset
03f9bb68 t usb_request_sense.clone.3
03f9bbec t usb_test_unit_ready.clone.4
03f9bc68 T usb_stor_get_dev
03f9bc7c T usb_show_progress
03f9bc88 T usb_stor_read
03f9be70 T usb_stor_info
03f9bed8 T usb_stor_BBB_comdat
03f9bfb0 T usb_stor_CB_comdat
03f9c1fc T usb_stor_CBI_get_status
03f9c2cc T usb_stor_CB_transport
03f9c4cc T usb_stor_BBB_clear_endpt_stall
03f9c518 T usb_stor_BBB_transport
03f9c6d0 T usb_storage_probe
03f9c8ac T usb_stor_get_info
03f9cae4 T usb_stor_scan
03f9ccd8 T lcd_blt_set_level
03f9ccdc T lcd_blt_set_freq
03f9cce0 T pwm_set_control
03f9cd20 T pwm_set_scalar
03f9cd5c T pwm_set_period
03f9cd98 T pwm_set_duty
03f9cdd4 T pwm_get_period
03f9cdec T pwm_get_duty
03f9ce04 T set_lcd_power
03f9ce90 T pwm_set_gpio
03f9cf5c T pwm_set_enable
03f9cfb8 T lcd_blt_enable
03f9cfbc T lcd_blt_set_pwm
03f9d098 T govrh_mod_suspend
03f9d09c T govrh_mod_resume
03f9d0a0 T govrh2_mod_suspend
03f9d0a4 T govrh2_mod_resume
03f9d0a8 T govrh_set_tg_enable
03f9d0e4 T govrh_set_clock
03f9d16c T govrh_set_tg1
03f9d1e8 T govrh_get_tg_mode
03f9d1f8 T govrh_set_tg2
03f9d268 T govrh_get_tg
03f9d300 T govrh2_mod_get_tg
03f9d314 T govrh_mod_get_tg
03f9d328 T govrh_get_hscale_up
03f9d338 T govrh_set_direct_path
03f9d344 T govrh_get_int_status
03f9d358 T govrh2_mod_get_sts
03f9d368 T govrh_mod_get_sts
03f9d378 T govrh_clean_int_status
03f9d394 T govrh2_mod_clr_sts
03f9d3a8 T govrh_mod_clr_sts
03f9d3bc T govrh_set_int_enable
03f9d3e8 T govrh_set_dvo_enable
03f9d454 T govrh_set_dvo_sync_polar
03f9d474 T govrh_get_dvo_color_format
03f9d4a0 T govrh_set_dvo_color_format
03f9d4f4 T govrh_set_dvo_outdatw
03f9d510 T govrh_set_dvo_clock_delay
03f9d53c T govrh_set_colorbar
03f9d568 T govrh2_mod_set_colorbar
03f9d594 T govrh_mod_set_colorbar
03f9d5c0 T govrh_set_contrast
03f9d5f0 T govrh_get_contrast
03f9d600 T govrh_set_brightness
03f9d60c T govrh_get_brightness
03f9d618 T govrh_set_MIF_enable
03f9d62c T govrh2_mod_set_enable
03f9d640 T govrh_mod_set_enable
03f9d654 T govrh_get_MIF_enable
03f9d664 T govrh_set_frame_mode
03f9d6bc T govrh_set_color_format
03f9d774 T govrh2_mod_set_color_fmt
03f9d788 T govrh_mod_set_color_fmt
03f9d79c T govrh_get_color_format
03f9d7f0 T govrh2_mod_get_color_fmt
03f9d800 T govrh_mod_get_color_fmt
03f9d810 T govrh_reg_dump
03f9dbec T govrh2_mod_dump_reg
03f9dbfc T govrh_mod_dump_reg
03f9dc0c T govrh_set_source_format
03f9dc24 T govrh_set_output_format
03f9dc3c T govrh_set_fb_addr
03f9dc4c T govrh2_mod_set_addr
03f9dc68 T govrh_mod_set_addr
03f9dc84 T govrh_get_fb_addr
03f9dc9c T govrh2_mod_get_addr
03f9dcb8 T govrh_mod_get_addr
03f9dcd4 T govrh_set_fb2_addr
03f9dce4 T govrh_get_fb2_addr
03f9dcfc T govrh_set_fb_width
03f9dd08 T govrh_set_fb_info
03f9dd44 T govrh_get_fb_info
03f9dd70 T govrh_set_fifo_index
03f9dd7c T govrh_set_reg_level
03f9dd98 T govrh_set_reg_update
03f9ddac T govrh_set_tg
03f9ddf0 T govrh2_mod_set_tg
03f9de0c T govrh_mod_set_tg
03f9de28 T govrh_set_timing
03f9df8c T govrh_set_csc_mode
03f9e150 T govrh2_mod_set_csc
03f9e164 T govrh_mod_set_csc
03f9e178 T govrh_set_framebuffer
03f9e1e4 T govrh2_mod_set_framebuf
03f9e1f8 T govrh_mod_set_framebuf
03f9e20c T govrh_init
03f9e2c0 T govrh_get_framebuffer
03f9e33c T govrh_set_media_format
03f9e350 T govrh_HDMI_set_blank_value
03f9e368 T govrh_HDMI_set_3D_mode
03f9e37c T govrh_is_top_field
03f9e390 T govrh_IGS_set_mode
03f9e3d8 T govrh_IGS_set_RGB_swap
03f9e3ec T govrh_suspend
03f9e3f0 T govrh_resume
03f9e3f4 T govrh_mod_init
03f9e6b0 T vout_print_entry
03f9e7cc T vout_register
03f9e800 T vout_get_entry
03f9e818 T vout_get_info_entry
03f9e870 T vout_change_status
03f9e8a4 T vout_query_inf_support
03f9e8e4 T vout_inf_register
03f9e954 T vout_inf_get_entry
03f9e994 T vout_device_register
03f9e9d4 T vout_get_device
03f9e9ec T vout_get_entry_adapter
03f9ea08 T vout_get_inf_entry_adapter
03f9ea54 T vout_info_add_entry
03f9eba0 T vout_info_get_entry
03f9ebf8 T vout_info_set_fixed_timing
03f9ec0c T vout_check_ratio_16_9
03f9ec2c T vout_find_edid_support_mode
03f9ed68 T vout_set_framebuffer
03f9ede4 T vout_set_tg_enable
03f9ee50 T vout_set_blank
03f9ef5c T vout_set_mode
03f9f048 T vout_chkplug
03f9f0c8 T vout_inf_chkplug
03f9f120 T vout_get_edid
03f9f1e0 T vout_find_video_mode
03f9f480 T vout_config
03f9f590 T vout_check_info
03f9f614 T vout_get_edid_option
03f9f660 T vout_get_mask
03f9f69c T lcd_check_plugin
03f9f6b4 T lcd_get_edid
03f9f6bc T lcd_config
03f9f6e8 T lcd_set_power_down
03f9f700 T lcd_set_parm
03f9f710 T lcd_get_dev
03f9f72c T lcd_panel_register
03f9f758 T lcd_get_parm
03f9f788 T lcd_init
03f9f800 T lcd_set_mode
03f9f9d4 T lcd_module_init
03f9fa0c T lvds_set_power_down
03f9fa50 T lvds_set_enable
03f9fac4 T lvds_get_enable
03f9fad8 T lvds_set_rgb_type
03f9fb30 T lvds_get_colfmt
03f9fb38 T lvds_set_sync_polar
03f9fb70 T lvds_reg_dump
03f9fcc4 T lvds_init
03f9fd64 T vpp_get_chipid
03f9fd74 T vpp_cache_sync
03f9fd78 T vpp_set_dbg_gpio
03f9fe40 T vpp_check_dbg_level
03f9fe84 T vpp_mod_unregister
03f9fed4 T vpp_mod_register
03f9ff88 T vpp_mod_get_base
03f9ffa4 T vpp_mod_get_fb_base
03f9ffb8 T vpp_mod_get_framebuf
03f9ffcc T vpp_mod_set_clock
03fa0044 T vpp_get_fb_field
03fa0050 T vpp_get_base_clock
03fa0080 T vpp_calculate_diff
03fa0090 T vpp_check_value
03fa00b0 T vpp_show_timing
03fa0178 T vpp_show_framebuf
03fa0218 T vpp_show_view
03fa028c T vpp_trans_timing
03fa03e8 T vpp_mod_set_timing
03fa0474 T vpp_check_csc_mode
03fa04bc T vpp_get_gcd
03fa04d4 T vpp_check_scale_ratio
03fa0620 T vpp_calculate_scale_ratio
03fa07f0 T vpp_check_bilinear_arg
03fa08b8 T vpp_get_video_mode_fps
03fa095c T vpp_get_video_mode
03fa0b14 T vpp_get_video_mode_ext
03fa0b40 T vpp_set_video_quality
03fa0b44 T vpp_set_vppm_int_enable
03fa0b48 T vpp_reg_dump
03fa0bbc T vpp_convert_colfmt
03fa0d30 T vpp_backup_reg
03fa0d80 T vpp_restore_reg
03fa0dc0 T vpp_backup_reg2
03fa0dec T vpp_restore_reg2
03fa0e1c T vpp_get_sys_parameter
03fa1064 T vpp_init
03fa1284 T vpp_config
03fa13f0 T vpp_get_colfmt_bpp
03fa148c T vpp_clr_framebuf
03fa1568 T vpp_calc_align
03fa1590 T vpp_calc_fb_width
03fa15d0 T hdmi_reg32_write
03fa1628 T hdmi_ecc
03fa1728 T hdmi_checksum
03fa1774 T hdmi_set_enable
03fa17a4 T hdmi_set_dvi_enable
03fa17bc T hdmi_set_sync_low_active
03fa17f4 T hdmi_set_output_colfmt
03fa1848 T hdmi_get_output_colfmt
03fa1880 T hdmi_get_plugin
03fa1894 T hdmi_get_plug_status
03fa18ac T hdmi_clear_plug_status
03fa18e0 T hdmi_enable_plugin
03fa1918 T hdmi_write_fifo
03fa1994 T hdmi_read_fifo
03fa1a00 T hdmi_DDC_check_status
03fa1ab4 T hdmi_DDC_set_freq
03fa1ae8 T hdmi_DDC_reset
03fa1b24 T hdmi_DDC_read_func
03fa1dd0 T hdmi_DDC_read
03fa1e28 T hdmi_audio_enable
03fa1e40 T hdmi_audio_mute
03fa1e58 T hdmi_write_packet
03fa1f14 T hdmi_tx_null_packet
03fa1f24 T hdmi_tx_general_control_packet
03fa1f68 T hdmi_get_pic_aspect
03fa1f88 T hdmi_tx_avi_infoframe_packet
03fa2044 T hdmi_tx_audio_infoframe_packet
03fa20b4 T hdmi_tx_vendor_specific_infoframe_packet
03fa2164 T hdmi_set_audio_n_cts
03fa2210 T hdmi_config_audio
03fa23ec T hdmi_config_video
03fa240c T hdmi_set_option
03fa2490 T hdmi_config
03fa25d8 T hdmi_set_cp_enable
03fa2610 T hdmi_poll_cp_status
03fa2634 T hdmi_check_cp_int
03fa2658 T hdmi_get_bksv
03fa267c T hdmi_check_plugin
03fa270c T hdmi_reg_dump
03fa2f9c T hdmi_set_cypher
03fa2fe0 T hdmi_init
03fa3148 t block_type
03fa3184 T edid_dump
03fa31e4 T edid_checksum
03fa3210 T edid_parse
03fa4b3c T edid_find_support
03fa4d48 T edid_get_hdmi_phy_addr
03fa4d60 t vo_dvi_config
03fa4d68 t vo_dvi_chkplug
03fa4d70 t vo_lvds_chkplug
03fa4d78 t vo_lvds_config
03fa4d9c t vo_lvds_blank
03fa4dd4 t vo_hdmi_get_edid
03fa4ea4 t vo_hdmi_chkplug
03fa4ea8 t vo_dvi_get_edid
03fa4f64 t vo_dvi_blank
03fa4fac t vo_plug_enable.clone.0
03fa4fe0 t vo_dvi_uninit
03fa5008 t vo_dvi_init
03fa510c T vo_i2c_proc
03fa51a0 T vout_set_int_type
03fa51d0 T vo_dvi_initial
03fa51ec T vo_hdmi_set_clock
03fa523c t vo_lvds_uninit
03fa5288 t vo_lvds_init
03fa5304 t vo_hdmi_uninit
03fa5330 t vo_hdmi_init
03fa5390 T vo_hdmi_cp_set_enable_tmr
03fa53b8 t vo_hdmi_blank
03fa5410 t vo_hdmi_config
03fa5520 T vo_hdmi_initial
03fa553c T vo_lvds_initial
03fa5558 T vout_init_param
03fa565c T vout_check_display_info
03fa5a14 T vout_check_ext_device
03fa5d88 T vout_check_monitor_resolution
03fa5f00 T vout_init
03fa605c T vout_exit
03fa6064 T lcd_oem_get_parm
03fa6070 t lcd_oem_initial
03fa607c T lcd_oem_init
03fa608c T lcd_get_oem_parm
03fa60ec T lcd_a080sn01_get_parm
03fa60f8 t lcd_a080sn01_initial
03fa6104 T lcd_a080sn01_init
03fa6114 t lcd_at070tn83_power_on
03fa6118 t lcd_at070tn83_power_off
03fa611c T lcd_at070tn83_get_parm
03fa6128 T lcd_at070tn83_init
03fa6138 T lcd_lw700at9003_get_parm
03fa614c t lcd_lw700at9003_power_off
03fa6158 t lcd_lw700at9003_power_on
03fa6164 T lcd_lw700at9003_init
03fa6174 T lcd_ek08009_get_parm
03fa6180 t lcd_ek08009_power_off
03fa618c t lcd_ek08009_power_on
03fa6198 T lcd_ek08009_init
03fa61a8 T lcd_HSD101PFW2_get_parm
03fa61b4 t lcd_HSD101PFW2_power_off
03fa61c0 t lcd_HSD101PFW2_power_on
03fa61cc T lcd_HSD101PFW2_init
03fa61dc T vt1632_config
03fa61e4 T vt1632_get_edid
03fa61ec T vt1632_set_power_down
03fa6258 T vt1632_set_mode
03fa62dc T vt1632_init
03fa6378 T vt1632_check_plugin
03fa63ec T vt1632_interrupt
03fa63f4 T vt1632_module_init
03fa640c T sil902x_module_init
03fa6414 T cs8556_config
03fa6434 T cs8556_set_power_down
03fa6460 T cs8556_set_mode
03fa64ac T getcs8556_TvEncoderParam
03fa6584 T cs8556_getTable0
03fa6590 T cs8556_getTable1
03fa659c T cs8556_i2c_read
03fa65d0 T cs8556_i2c_write
03fa6600 T cs8556_dumpRegs
03fa6710 T cs8556_isEnable
03fa6728 T cs8556_check_plugin
03fa674c T cs8556_reinitialize_table
03fa67d0 T cs8556_init
03fa6890 T cs8556_interrupt
03fa68b4 T cs8556_module_init
03fa68cc T wmt_write_ostc
03fa6910 T wmt_init_ost
03fa6970 T wmt_read_ostc
03fa6a08 T wmt_delayus
03fa6a4c T inl
03fa6a54 T outl
03fa6a5c T vppif_reg8_in
03fa6a64 T vppif_reg8_out
03fa6a70 T vppif_reg16_in
03fa6a78 T vppif_reg16_out
03fa6a84 T vppif_reg32_in
03fa6a88 T vppif_reg32_out
03fa6aa8 T vppif_reg32_write
03fa6ae0 T vppif_reg32_read
03fa6afc T vppif_reg32_mask
03fa6b04 T vpp_request_irq
03fa6b0c T vpp_free_irq
03fa6b10 T wmt_getsyspara
03fa6b68 T vpp_parse_param
03fa6bfc T vpp_lock
03fa6c00 T vpp_unlock
03fa6c04 T vpp_i2c_xfer
03fa6c08 T vpp_i2c_init
03fa6c1c T vpp_i2c_release
03fa6c24 T vpp_i2c_set_lock
03fa6c28 T vpp_i2c_enhanced_ddc_read
03fa6d3c T vpp_i2c_read
03fa6e48 T vpp_i2c_write
03fa6f20 T DelayMS
03fa6f2c t wmt_swi2c_delay.clone.0
03fa6f34 T wmt_swi2c_lock
03fa6f38 T wmt_swi2c_delay
03fa6f3c T wmt_swi2c_SetSDAInput
03fa6f78 T wmt_swi2c_SetSDAOutput
03fa6fb4 T wmt_swi2c_GetSDA
03fa6fdc T wmt_swi2c_GetSCL
03fa7004 T wmt_swi2c_SetSDA
03fa70ac T wmt_swi2c_SetSCL
03fa7154 T wmt_swi2c_SetData
03fa71a0 T wmt_swi2c_SetClock
03fa71f8 T wmt_swi2c_StartI2C
03fa7254 T wmt_swi2c_StopI2C
03fa72ac T wmt_swi2c_WriteAck
03fa7330 T wmt_swi2c_ReadAck
03fa73fc T wmt_swi2c_tx
03fa7458 T wmt_swi2c_rx
03fa74c0 T wmt_swi2c_reg_bk
03fa752c T wmt_swi2c_read
03fa7600 T wmt_swi2c_write
03fa76ac T wmt_swi2c_check
03fa77e0 T crc32
03fa78e4 T display_options
03fa7904 T print_size
03fa79a0 t __tolower
03fa79bc T strnicmp
03fa7a30 T strcpy
03fa7a48 T strncpy
03fa7a68 T strcat
03fa7a94 T strncat
03fa7adc T strcmp
03fa7b04 T strncmp
03fa7b40 T strchr
03fa7b74 T strlen
03fa7b90 T strrchr
03fa7bcc T strnlen
03fa7bf0 T strdup
03fa7c24 T strspn
03fa7c64 T strpbrk
03fa7ca0 T strtok
03fa7d18 T strsep
03fa7d4c T strswab
03fa7d98 T memset
03fa7db0 T bcopy
03fa7dd0 T memcpy
03fa7dec T memmove
03fa7e30 T memcmp
03fa7e68 T memscan
03fa7e90 T strstr
03fa7ef0 T memchr
03fa7f24 t __toupper
03fa7f40 t skip_atoi
03fa7f78 t number
03fa8180 T simple_strtoul
03fa8238 T simple_strtol
03fa8260 T simple_strtoull
03fa8348 T vsprintf
03fa8714 T sprintf
03fa8738 T panic
03fa8784 t falloc
03fa87a8 t ffree
03fa87ac t inflate_trees_free
03fa87e8 t huft_build
03fa8d30 t inflate_trees_fixed
03fa8f08 t inflate_codes_new
03fa8f58 t inflate_codes_free
03fa8f78 t inflate_blocks_reset
03fa9040 T adler32
03fa91a8 t inflate_flush
03fa9314 T inflateReset
03fa9370 T inflateEnd
03fa9404 T inflateInit2
03fa9554 T inflateInit
03fa955c T inflate
03fab0d8 T inflateIncomp
03fab208 T inflateSync
03fab304 T board_init
03fab32c T misc_init_r
03fab334 T dram_init
03fab350 T __aeabi_unwind_cpp_pr0
03fab354 T get_boot_flash_type
03fab3ec T get_boot_nor_flash_bit_type
03fab41c T get_boot_nand_flash_bit_type
03fab460 T flash_init
03fab68c T flash_print_info
03fab6d8 T flash_erase
03fab72c T write_buff
03fab794 T wmt_post
03fab7b8 t flash_error
03fab884 T spi_flash_init
03fabb84 T spi_flash_print_info
03fabc3c T spi_flash_erase
03fabe20 T spi_write_buff
03fabe7c T nand_flash_init
03fabe84 T nand_flash_print_info
03fabe88 T nand_flash_erase
03fabe90 T nand_write_buff
03fabe98 t flash_reset
03fabed4 T nor_flash_8b_init
03fac3a4 T nor_flash_8b_print_info
03fac68c T nor_flash_8b_erase
03fac900 T nor_flash_8b_write_buff
03facba4 t __fswab16
03facbb4 t flash_reset
03facbd4 T nor_flash_16b_init
03fad4d0 T nor_flash_16b_print_info
03fad714 T nor_flash_16b_erase
03fad98c T nor_flash_16b_write_buff
03fadcd8 t check_PLL_DIV_busy
03fadcfc t calc_pll_num
03fadff4 t enable_dev_clk
03fae068 T auto_pll_divisor
03fae988 T manu_pll_divisor
03faeb44 t ehci_td_buffer
03faeb9c t ehci_alloc.clone.1
03faec08 t handshake.clone.2
03faec50 t ehci_reset
03faeca0 T ehci_submit_root
03faf11c T ehci_hcd_init
03faf140 T ehci_hcd_stop
03faf150 T usb_lowlevel_stop
03faf154 T strtochar
03faf17c T ehci_config_port_owner
03faf318 T ehci_disable_port_owner
03faf39c T ehci_detect_device
03faf464 T ehci_enable_port
03faf54c T usb_ehci_initial
03faf57c T submit_int_msg
03faf584 T usb_check_td
03faf5cc T usb_check_bulk_td
03faf620 t ehci_submit_async
03faf998 T submit_control_msg
03faf9c8 T submit_bulk_msg
03faf9fc T parse_usb_param
03fafab0 T usb_lowlevel_init
03fafc14 t usb_display_wValue
03fafcf0 T usb_fill_td
03fafd10 T usb_fill_qh
03fafd30 T usb_uhci_td_stat
03fafd84 T usb_get_td_status
03fafe40 T submit_uhci_control_msg
03faffe0 T submit_uhci_bulk_msg
03fb0164 T uhci_alloc_int_td
03fb01a4 T submit_uhci_int_msg
03fb0298 T reset_hc
03fb02d8 T start_hc
03fb0458 T reset_hc2
03fb0498 T start_hc2
03fb0604 T usb_init_skel
03fb0744 T usb_check_skel
03fb07ac T usb_check_int_chain
03fb0890 T handle_usb_interrupt
03fb08ec T uhci_lowlevel_init
03fb09a0 T uhci_lowlevel_stop
03fb09d4 T uhci_submit_rh_msg
03fb105c t i2c_irq_handler
03fb10bc T i2c_init
03fb11b0 T i2c_transfer
03fb1558 T i2c_probe
03fb1560 T i2c_read
03fb15fc T i2c_write
03fb16b0 T i2c_reg_read
03fb16d0 T i2c_reg_write
03fb16f0 T wmt_i2c_transfer
03fb1748 t i2c_irq_handler
03fb17a8 T i2c1_init
03fb1860 T i2c1_transfer
03fb1c08 T i2c1_probe
03fb1c10 T i2c1_read
03fb1cd0 T i2c1_write
03fb1d84 T i2c1_reg_read
03fb1da4 T i2c1_reg_write
03fb1dc4 t i2c_irq_handler
03fb1e24 T i2c2_init
03fb1ed0 T i2c2_transfer
03fb2278 T i2c2_probe
03fb2280 T i2c2_read
03fb231c T i2c2_write
03fb23d0 T i2c2_reg_read
03fb23f0 T i2c2_reg_write
03fb2410 t i2c_irq_handler
03fb2470 T i2c3_init
03fb2524 T i2c3_transfer
03fb28cc T i2c3_probe
03fb28d4 T i2c3_read
03fb2970 T i2c3_write
03fb2a24 T i2c3_reg_read
03fb2a44 T i2c3_reg_write
03fb2a64 t read_p15_c1
03fb2a6c t write_p15_c1
03fb2a74 t cp_delay
03fb2aa0 T cpu_init
03fb2aa8 T cleanup_before_linux
03fb2adc T do_reset
03fb2af4 T icache_enable
03fb2b10 T icache_disable
03fb2b2c T icache_status
03fb2b3c T serial_putc
03fb2b6c T serial_puts
03fb2b8c T serial_getc
03fb2bb0 T serial_tstc
03fb2bc8 T serial_setbrg
03fb2c98 T serial_init
03fb2cc4 T eth_init
03fb2cc8 T eth_send
03fb2ccc T eth_rx
03fb2cd0 T eth_halt
03fb2cd4 T wmt_miiphy_read
03fb2ce4 T wmt_miiphy_write
03fb2cf4 T wmt_miiphy_initialize
03fb2cfc T mac_startio
03fb2db8 T mac_send
03fb2f2c T mac_receive
03fb3030 T mac_halt
03fb3034 T mii_read
03fb3064 T mii_write
03fb3094 T ADPbShutdown
03fb30d8 T ADPuInitAll
03fb3364 T CARDvSetLoopbackMode
03fb3390 T CARDvSetMediaLinkMode
03fb3580 T ADPbInitializeEx
03fb36cc T ADPbBind
03fb37ac T ALCbAllocateRdrMemory
03fb387c T ALCbAllocateTdrBuffer
03fb3900 T ALCbAllocateTdrMemory
03fb3978 T ALCvChainRdrMemory
03fb3a04 T ALCvChainTdrMemory
03fb3a98 T ALCvFreeRdrMemory
03fb3adc T ALCvFreeTdrMemory
03fb3b20 T ALCvSetDefaultRD
03fb3b24 T ALCvSetDefaultTD
03fb3be0 T MIIbReadEmbedded
03fb3c4c T MIIbIsRegBitsOn
03fb3c7c T MIIbIsAutoNegotiationOn
03fb3c88 T MIIbIsRegBitsOff
03fb3cb4 T MIIbIsInFullDuplexMode
03fb3ddc T MIIbIsIn100MMode
03fb3f00 T MIIbWriteEmbedded
03fb3f68 T MIIvInitialize
03fb403c T MIIvSetLoopbackMode
03fb4168 T MIIvWaitForNwayCompleted
03fb41c8 T MEMvAlign
03fb4204 T MEMvAllocateShared
03fb4260 T MEMvCopy
03fb4264 T MEMvSet
03fb4268 T VPCIvReadB
03fb4278 T VPCIvReadW
03fb4288 T VPCIvReadD
03fb4298 T VPCIvWriteB
03fb42a4 T VPCIvRegBitsOff
03fb42d4 T VPCIvRegBitsOn
03fb4304 T VPCIvInitialize
03fb433c T VPCIvWriteW
03fb4348 T VPCIvWriteD
03fb4354 T disable_dma
03fb4370 T enable_dma
03fb43a4 T request_dma
03fb44a8 T clear_dma
03fb4518 T free_dma
03fb45a0 T setup_dma
03fb46b4 T dma_busy
03fb4704 T dma_complete
03fb475c T handle_dma_irq
03fb47bc T prepare_dma_descript
03fb484c T start_dma
03fb494c T prepare_dma_long_descript
03fb4994 T wake_dma_channel
03fb49b4 T add_descript
03fb4a20 T init_descriptstack
03fb4ad0 T reset_descriptstack
03fb4b10 T free_descriptstack
03fb4b34 T init_dma
03fb4ca0 T set_descript
03fb4e50 T handle_transfer
03fb4fe4 T Change_SD_host
03fb515c T SD_Init_PDMA
03fb5190 T sd_init_long_desc
03fb51ec T sd_pdma_handler
03fb52bc T sd_free_pdma
03fb52d8 T card_nop
03fb52dc T sd_command
03fb53e8 T sd_send_scr
03fb5460 T sd_app_command
03fb54f8 T sd_alloc_desc_pool
03fb5500 T sd_init_short_desc
03fb5534 T sd_init_short_desc_with_end
03fb5558 T sd_config_desc
03fb5598 T sd_dump_memory
03fb559c T sd_config_pdma
03fb55dc T sdmmcSwitch
03fb5788 T sdmmcSendExCSD
03fb5854 T SD_Init
03fb64fc T SD_Initialization
03fb6568 T mmc_get_dev
03fb65b4 T mmc_block_read_singleblock
03fb669c T mmc_block_read_multiblock
03fb6934 T mmc_bread
03fb69c4 T mmc_block_write_singleblock
03fb6b14 T mmc_block_write_multiblock
03fb6dc8 T mmc_bwrite
03fb6e60 T mmc_read
03fb6f00 T mmc_write
03fb6f08 T sd_set_clock
03fb745c T mmc_ident
03fb7464 T mmc2info
03fb7478 T get_chip_version
03fb7528 T SD_Controller_Powerup
03fb7e04 T mmc_init
03fb8078 T SD_card_inserted
03fb80d4 T MACbIsIn100MMode
03fb8104 T MACbIsRegBitsOff
03fb8118 T MACbIsCableLinkOk
03fb8124 T MACbIsRegBitsOn
03fb813c T MACvIsInFullDuplexMode
03fb815c T MACbStop
03fb819c T MACbSafeTxOff
03fb81f4 T MACbyReadEECSR
03fb81fc T MACbyReadMIICR
03fb8204 T MACbyReadMultiAddr
03fb8210 T MACvWriteMultiAddr
03fb821c T MACvIntDisable
03fb822c T MACvIntEnable
03fb823c T MACvEnableMiiAutoPoll
03fb8288 T MACvSafeDisableMiiAutoPoll
03fb82b4 T MACvReadISR
03fb82c8 T MACvWriteISR
03fb82d8 T MACvRestoreContext
03fb8350 T MACvSaveContext
03fb83c4 T MACvSetDmaLength
03fb83d8 T MACvSetDuplexMode
03fb8404 T MACvSetLoopbackMode
03fb8418 T MACbSafeRxOff
03fb84a8 T MACvSetPacketFilter
03fb850c T MACvSetRxThreshold
03fb8530 T MACvGetTxThreshold
03fb8550 T MACvSetTxThreshold
03fb8574 T MACvTimer0MicroSDelay
03fb85b0 T MACvTimer0MiniSDelay
03fb85ec T MACbSoftwareReset
03fb865c T MACvInitialize
03fb8710 T MACbSafeSoftwareReset
03fb8754 T MACbSafeStop
03fb87ac T MACvWriteEECSR
03fb87bc T MACbyGetPhyId
03fb87c8 t __fswab32
03fb87d0 t setup_memory_tags
03fb880c t setup_start_tag.clone.0
03fb8844 t setup_end_tag.clone.1
03fb8860 t setup_commandline_tag.clone.2
03fb88d4 T do_bootm_linux
03fb8c14 T flush_cache
03fb8c18 t downcase
03fb8c40 t dirdelim
03fb8c74 t compare_sign
03fb8ca4 t slot2str
03fb8d74 t mkcksum
03fb8da4 t get_name
03fb8e6c T disk_read
03fb8ebc t read_bootsectandvi
03fb8fa4 t get_free_fatent
03fb90c4 t get_fatent
03fb9224 t get_cluster
03fb92ac t get_vfatname
03fb9450 T disk_write
03fb94a0 t set_cluster
03fb9544 t set_fatent
03fb9580 T fat_register_device
03fb96cc T do_fat_read
03fba038 T do_fat_write
03fba624 T file_fat_detectfs
03fba768 T file_fat_ls
03fba778 T file_fat_read
03fba7b0 T file_fat_write
03fba7e4 T dev_print
03fba984 T init_part
03fba9a0 T get_partition_info
03fba9c8 T print_part
03fbaa8c t le32_to_int
03fbaab0 t is_extended
03fbaad4 t get_partition_info_extended
03fbace4 t print_partition_extended
03fbaeb0 T test_part_dos
03fbaf04 T print_part_dos
03fbaf30 T get_partition_info_dos
03fbaf50 T semi_bootloados
03fbafc4 T __aeabi_uidiv
03fbafc4 T __udivsi3
03fbafc4 t .udivsi3_skip_div0_test
03fbb1b0 T __aeabi_uidivmod
03fbb1d0 T __aeabi_idiv
03fbb1d0 T __divsi3
03fbb1d8 t .divsi3_skip_div0_test
03fbb3f0 T __aeabi_idivmod
03fbb410 T __aeabi_llsr
03fbb410 T __lshrdi3
03fbb42c T __aeabi_llsl
03fbb42c T __ashldi3
03fbb448 W __aeabi_idiv0
03fbb448 W __aeabi_ldiv0
03fbb458 r C.0.5394
03fbb4d8 R version_string
03fbb508 r CSWTCH.55
03fbb554 r CSWTCH.58
03fbb594 r CSWTCH.61
03fbb5b0 r CSWTCH.64
03fbb5bc r CSWTCH.54
03fbb614 r C.0.5592
03fbb624 r C.155.9919
03fbb634 r C.157.9922
03fbb638 r C.158.9923
03fbb668 r C.147.9852
03fbb678 r C.149.9855
03fbb67c r C.150.9856
03fbb6ac r C.151.9857
03fbb71c r wmt_rdmz
03fbb720 r C.35.8124
03fbb725 r __FUNCTION__.6280
03fbb730 r __func__.6845
03fbb73c r s_fontData
03fbbf7c r __FUNCTION__.5231
03fbbf90 r CSWTCH.29
03fbbf98 r __FUNCTION__.5212
03fbbfb0 r C.45.8666
03fbbfc0 r C.33.8355
03fbc068 r __FUNCTION__.6600
03fbc07a r __FUNCTION__.6604
03fbc090 r CSWTCH.32
03fbc0b0 r __FUNCTION__.6655
03fbc0c4 r __FUNCTION__.6706
03fbc0e0 r __FUNCTION__.6754
03fbc0ee r __FUNCTION__.6803
03fbc0fc r __FUNCTION__.6766
03fbc10c r __FUNCTION__.6599
03fbc11c r CSWTCH.7
03fbc12c r CSWTCH.8
03fbc13c R vpp_video_mode_table
03fbca9c R hdmi_vic_info
03fbcb70 R vpp_csc_parm
03fbccf8 r CSWTCH.37
03fbcd04 r CSWTCH.40
03fbcd0c r CSWTCH.43
03fbcd1c r CSWTCH.46
03fbcd90 r CSWTCH.49
03fbcd94 R edid_v1_descriptor_flag
03fbcd96 r __FUNCTION__.6640
03fbcda4 R edid_v1_header
03fbcdac r __FUNCTION__.6691
03fbcdbd r __FUNCTION__.6645
03fbcdcd r __FUNCTION__.6598
03fbcdd9 r __FUNCTION__.6744
03fbcdf1 r __FUNCTION__.6778
03fbce08 r C.0.7819
03fbce1c r __FUNCTION__.6672
03fbce2a r __FUNCTION__.6668
03fbce40 r __FUNCTION__.6664
03fbce50 r __FUNCTION__.6596
03fbce69 r __FUNCTION__.6627
03fbce79 r __FUNCTION__.6606
03fbce8d r __FUNCTION__.6651
03fbcea7 r __FUNCTION__.6676
03fbceb8 r __FUNCTION__.6694
03fbced2 r __FUNCTION__.6703
03fbcedf r __FUNCTION__.6717
03fbcef0 r crc_table
03fbd2f0 r border
03fbd33c r inflate_mask
03fbd380 r CSWTCH.19
03fbd384 r CSWTCH.22
03fbd388 r CSWTCH.25
03fbd38a r CSWTCH.28
03fbd38c r CSWTCH.15
03fbd5e8 r C.0.6142
03fc8aec D init_sequence
03fc8b18 D NetOurVLAN
03fc8b1a D NetBcastAddr
03fc8b20 D NetOurNativeVLAN
03fc8b24 d nfs_offset
03fc8b28 d erase_seq
03fc8b2c d tab_seq
03fc8b38 D load_addr
03fc8b3c d i2c_dp_last_length
03fc8b40 d curr_device
03fc8b44 D op_table
03fc8bac d do_echo
03fc8bb0 D dp_last_length
03fc8bb4 D reg_0_5_desc_tbl
03fc8be4 D desc_and_len_tbl
03fc8c14 D reg_0_desc_tbl
03fc8c8c D reg_1_desc_tbl
03fc8d4c D reg_2_desc_tbl
03fc8d58 D reg_3_desc_tbl
03fc8d7c D reg_4_desc_tbl
03fc8e0c D reg_5_desc_tbl
03fc8e9c d mmc_cur_part
03fc8ea0 D pDma_Reg
03fc8ea4 D rdmz
03fcafa4 d curr_device
03fcafa8 D eslc_map_table
03fcb028 d mirror_pattern
03fcb02c d bbt_pattern
03fcb030 d WMT_nand_flash_ids
03fcbdc8 D chip_table
03fccae8 d usb_stor_curr_dev
03fccaec D stdio_names
03fccaf8 d av_
03fccf00 d sbrk_base
03fccf04 d trim_threshold
03fccf08 d mmap_threshold
03fccf0c D default_environment
03fcd040 D env_get_char
03fcd044 d flash_addr
03fcd048 d flash_addr_new
03fcd04c d end_addr
03fcd050 d end_addr_new
03fcd054 D env_ptr
03fcd058 D env_name_spec
03fcd05c D vfb_var
03fcd0fc D video_str
03fcd11c D text_x
03fcd120 D text_y
03fcd124 d reserved_list
03fcd1a8 D us_direction
03fcd1c8 D CBWTag
03fcd1cc D vout_inf_str
03fcd1e4 D vout_adpt_str
03fcd208 D lcd_panel_id
03fcd20c D lcd_panel_bpp
03fcd210 D lcd_vout_dev_ops
03fcd250 D lcd_panel_on
03fcd254 D vpp_colfmt_str
03fcd288 D vpp_vo_boot_arg
03fcd2a0 D vpp_vo_boot_arg2
03fcd2b8 D vpp_vpath_str
03fcd2d8 D vpp_mod_str
03fcd310 D edid_establish_timing
03fcd3dc D vo_swi2c_dvi
03fcd3e4 D vo_dvi_inf
03fcd400 D vo_hdmi_inf
03fcd41c D vo_lvds_inf
03fcd438 D vout_entry_0
03fcd7d4 D vout_entry_1
03fcdb70 D vout_sys_parm_str
03fcdb78 D vo_gpio_scl
03fcdb94 D vo_gpio_sda
03fcdbb0 D lcd_oem_parm
03fcdbf0 D lcd_oem_parm_1024x600
03fcdc30 D lcd_oem_parm_1024x768
03fcdc70 D lcd_oem_parm_1366x768
03fcdcb0 D lcd_oem_parm_800x480
03fcdcf0 D lcd_a080sn01_parm
03fcdd30 D lcd_at070tn83_parm
03fcdd70 D lcd_lw700at9003_parm
03fcddb0 D lcd_ek08009_parm
03fcddf0 D lcd_HSD101PFW2_parm
03fcde30 D vt1632_vout_dev_ops
03fcde70 d vga_byte0
03fcdf70 d vga_byte1
03fce070 D cs8556_vout_dev_ops
03fce0b0 D _ctype
03fce1b0 d fixed_left
03fce1b4 d cplens
03fce230 d cplext
03fce2ac d cpdist
03fce324 d cpdext
03fce39c D zlib_version
03fce3a0 D z_errmsg
03fce3c0 D flash_type
03fce3c4 D nor_flash_bit
03fce3c8 D nand_flash_bit
03fce3cc D sf_ids
03fce4ec d descriptor
03fce522 D usb_sel
03fce523 D ConnectPort
03fce524 D usb_base_addr
03fce528 d root_hub_dev_des
03fce53a d root_hub_config_des
03fce553 d root_hub_str_index0
03fce557 d root_hub_str_index1
03fce573 d root_hub_hub_des
03fce57c D pUart_Reg
03fce580 D pGpioReg
03fce584 D dma_device_cfg_table
03fce7a4 D pSd_Reg
03fce7a8 D pSd_PDma_Reg
03fce7ac D GpioReg
03fce7b0 d cur_part
03fce7b4 A __u_boot_cmd_start
03fce7b4 D __u_boot_cmd_autoscr
03fce7d0 D __u_boot_cmd_bdinfo
03fce7ec D __u_boot_cmd_go
03fce808 D __u_boot_cmd_reset
03fce824 D __u_boot_cmd_bootm
03fce840 D __u_boot_cmd_boot
03fce85c D __u_boot_cmd_bootd
03fce878 D __u_boot_cmd_iminfo
03fce894 D __u_boot_cmd_imls
03fce8b0 D __u_boot_cmd_coninfo
03fce8cc D __u_boot_cmd_fatload
03fce8e8 D __u_boot_cmd_fatstore
03fce904 D __u_boot_cmd_fatls
03fce920 D __u_boot_cmd_fatinfo
03fce93c D __u_boot_cmd_flinfo
03fce958 D __u_boot_cmd_erase
03fce974 D __u_boot_cmd_protect
03fce990 D __u_boot_cmd_imd
03fce9ac D __u_boot_cmd_imm
03fce9c8 D __u_boot_cmd_inm
03fce9e4 D __u_boot_cmd_imw
03fcea00 D __u_boot_cmd_icrc32
03fcea1c D __u_boot_cmd_iprobe
03fcea38 D __u_boot_cmd_iloop
03fcea54 D __u_boot_cmd_ims
03fcea70 D __u_boot_cmd_ide
03fcea8c D __u_boot_cmd_diskboot
03fceaa8 D __u_boot_cmd_itest
03fceac4 D __u_boot_cmd_loads
03fceae0 D __u_boot_cmd_loadb
03fceafc D __u_boot_cmd_md
03fceb18 D __u_boot_cmd_mm
03fceb34 D __u_boot_cmd_nm
03fceb50 D __u_boot_cmd_mw
03fceb6c D __u_boot_cmd_cp
03fceb88 D __u_boot_cmd_cmp
03fceba4 D __u_boot_cmd_crc32
03fcebc0 D __u_boot_cmd_base
03fcebdc D __u_boot_cmd_loop
03fcebf8 D __u_boot_cmd_mtest
03fcec14 D __u_boot_cmd_mii
03fcec30 D __u_boot_cmd_sleep
03fcec4c D __u_boot_cmd_mmcinit
03fcec68 D __u_boot_cmd_mmcread
03fcec84 D __u_boot_cmd_mmcwrite
03fceca0 D __u_boot_cmd_sdwaitins
03fcecbc D __u_boot_cmd_mmcreadimg
03fcecd8 D __u_boot_cmd_dmacp
03fcecf4 D __u_boot_cmd_nandrw
03fced10 D __u_boot_cmd_parseimg
03fced2c D __u_boot_cmd_bootp
03fced48 D __u_boot_cmd_tftpboot
03fced64 D __u_boot_cmd_rarpboot
03fced80 D __u_boot_cmd_dhcp
03fced9c D __u_boot_cmd_nfs
03fcedb8 D __u_boot_cmd_ping
03fcedd4 D __u_boot_cmd_printenv
03fcedf0 D __u_boot_cmd_setenv
03fcee0c D __u_boot_cmd_saveenv
03fcee28 D __u_boot_cmd_run
03fcee44 D __u_boot_cmd_usb
03fcee60 D __u_boot_cmd_usbboot
03fcee7c D __u_boot_cmd_version
03fcee98 D __u_boot_cmd_echo
03fceeb4 D __u_boot_cmd_test
03fceed0 D __u_boot_cmd_exit
03fceeec D __u_boot_cmd_help
03fcef08 D __u_boot_cmd_question_mark
03fcef24 D __u_boot_cmd_display
03fcef40 D __u_boot_cmd_mbit
03fcef5c D __u_boot_cmd_textout
03fcef78 A __bss_start
03fcef78 A __u_boot_cmd_end
03fcf000 b timestamp
03fcf004 b lastdec
03fcf008 b mem_malloc_brk
03fcf00c b mem_malloc_start
03fcf010 b mem_malloc_end
03fcf014 B monitor_flash_len
03fcf018 B NetState
03fcf01c B NetPingIP
03fcf020 b packetHandler
03fcf024 b timeHandler
03fcf028 b timeStart
03fcf02c b timeDelta
03fcf030 B NetOurEther
03fcf038 B NetTxPacket
03fcf03c B NetOurIP
03fcf040 B NetArpWaitPacketIP
03fcf044 B NetOurSubnetMask
03fcf048 B NetOurGatewayIP
03fcf04c B NetArpWaitReplyIP
03fcf050 B NetArpWaitTimerStart
03fcf054 B NetArpWaitTry
03fcf058 b mac.4952
03fcf05e B NetEtherNullAddr
03fcf064 B NetArpWaitPacketMAC
03fcf068 B NetArpWaitTxPacket
03fcf06c B NetIPID
03fcf070 b PingSeqNo
03fcf074 B NetArpWaitTxPacketSize
03fcf078 B NetRxPkt
03fcf07c B NetRxPktLen
03fcf080 B NetServerIP
03fcf084 B NetServerEther
03fcf08a B PktBuf
03fd0eac B NetRxPackets
03fd0ebc B NetArpWaitPacketBuf
03fd14dc B NetBootFileXferSize
03fd14e0 B NetOurDNSIP
03fd14e4 B NetOurNISDomain
03fd1504 B NetOurHostName
03fd1524 B NetOurRootPath
03fd1564 B NetBootFileSize
03fd1566 B BootFile
03fd15e8 b TftpState
03fd15ec b tftp_filename
03fd15f0 b TftpBlock
03fd15f4 b TftpServerPort
03fd15f8 b TftpOurPort
03fd15fc b TftpTimeoutCount
03fd1600 b TftpBlockWrap
03fd1604 b TftpBlockWrapOffset
03fd1608 b TftpLastBlock
03fd160c b default_filename
03fd161c B dhcp_leasetime
03fd1620 B NetDHCPServerIP
03fd1624 B BootpID
03fd1628 B dhcp_state
03fd162c B BootpTry
03fd1630 B RarpTry
03fd1634 b rpc_id
03fd1638 b NfsSrvMountPort
03fd163c b NfsSrvNfsPort
03fd1640 b fs_mounted
03fd1644 b dirfh
03fd1664 b filefh
03fd1684 b NfsServerIP
03fd1688 b NfsOurPort
03fd168c b NfsState
03fd1690 b nfs_path
03fd1694 b nfs_filename
03fd1698 b nfs_len
03fd169c b NfsDownloadState
03fd16a0 b nfs_path_buff
03fd1ea0 b default_filename
03fd1ee0 b NfsTimeoutCount
03fd1ee4 B console_buffer
03fd22e4 B header
03fd2324 b i2c_dp_last_chip
03fd2328 b i2c_dp_last_addr
03fd232c b i2c_dp_last_alen
03fd2330 B ide_bus_offset
03fd2334 B ide_dev_desc
03fd239c b ide_bus_ok
03fd23a0 b os_data_state
03fd23a4 B os_data_count
03fd23a8 b os_data_addr
03fd23ac b bin_start_address
03fd23b0 B his_pad_count
03fd23b4 B his_pad_char
03fd23b5 b a_b
03fd23cd B his_eol
03fd23d0 b k_data_escape
03fd23d4 B os_data_init
03fd23d8 b k_data_escape_saved
03fd23dc b os_data_state_saved
03fd23e0 b os_data_count_saved
03fd23e4 b os_data_addr_saved
03fd23e8 B os_data_char
03fd23ec B his_quote
03fd23f0 B send_ptr
03fd23f4 B send_parms
03fd2408 B os_data_header
03fd2428 b base_address
03fd242c B mm_last_addr
03fd2430 B mm_last_size
03fd2434 B dp_last_addr
03fd2438 B dp_last_size
03fd243c B last_op
03fd2440 B last_addr_lo
03fd2444 B last_addr_hi
03fd2448 B last_reg_lo
03fd244c B last_reg_hi
03fd2450 B last_data
03fd2454 b mmc_cur_dev
03fd2458 b mmc_part_offset
03fd245c b data.4611
03fd265c B flag0
03fd2660 b bbt
03fd2668 B nand_dev_desc
03fd2898 B pNFCRegs
03fd289c B g_WMTNFCBASE
03fd28a0 B pNand_PDma_Reg
03fd28a4 B ReadDesc
03fd28a8 b rdmz_buf
03fd28ac B cur_chip
03fd28b0 b bbt_version
03fd28b4 B bad_block_pos
03fd29a4 B oob_config
03fd29c4 B NAND_PDMA_REG
03fd29fc B PNAND_PDMA_REG
03fd2a00 B NAND_PDMA_DESC_S
03fd2a08 B PNAND_PDMA_DESC_S
03fd2a0c B NAND_PDMA_DESC_L
03fd2a1c B PNAND_PDMA_DESC_L
03fd2a20 B WriteDesc
03fd2a28 b tmp_buf.4549
03fd2c28 b tmp_buf
03fd3028 b ctrlc_disabled
03fd302c b ctrlc_was_pressed
03fd3030 B devlist
03fd3034 B stdio_devices
03fd3040 b current_mallinfo
03fd3068 b top_pad
03fd306c b max_sbrked_mem
03fd3070 b max_total_mem
03fd3074 b n_mmaps_max
03fd3078 b s_primary
03fd308c b m_fileStart
03fd3090 b m_fh
03fd3094 b m_glyphStart
03fd3098 B rgb2color
03fd309c B putcolor2fb
03fd30a0 B g_direct_path
03fd30a4 B g_fb_phy
03fd30a8 B g_img_phy
03fd30ac B g_display_param
03fd30c4 B g_display_vaild
03fd30c8 B g_pwm_setting
03fd30dc B g_display_param2
03fd30f4 B g_display_tmr
03fd311c B g_lcd_pw_pin
03fd3134 B g_logo_x
03fd3138 B g_logo_y
03fd313c B vpp_dac_sense_enable
03fd3140 b flag_repeat
03fd3144 b do_repeat
03fd3148 b the_command.4717
03fd3548 b buf.4910
03fd3570 B last_return_code
03fd3574 b top_vars
03fd3578 b local.4701
03fd358e b map
03fd3690 b ifs
03fd3694 B nesting_level
03fd3698 b mii_devs
03fd36a0 b current_mii
03fd36a4 b asynch_allowed
03fd36a8 b setup_packet
03fd36b0 b usb_dev
03fde030 b dev_index
03fde034 b usb_hub_index
03fde038 B usb_started
03fde03c b hub_dev
03fde13c b running
03fde140 b usb_ccb
03fde1d0 b usb_dev_desc
03fde3d8 b usb_max_devs
03fde3dc b usb_stor_buf
03fde5dc b usb_stor
03fde6e0 B p_govrh2
03fde6e4 B p_govrh
03fde6e8 B vout_array
03fde6f0 B vout_info
03fde7d0 B vout_inf_array
03fde7dc B vout_dev_list
03fde7e0 B vout_board_info
03fde7e4 B p_lcd
03fde7e8 B lcd_blt_id
03fde7ec B lcd_device_array
03fde804 B lcd_blt_level
03fde808 B lcd_blt_freq
03fde80c B lcd_pwm_enable
03fde810 B g_vpp
03fde988 B vpp_mod_base_list
03fde9bc B vpp_vout_option
03fde9c0 B hdmi_cp
03fde9c4 B hdmi_ri_tm_cnt
03fde9c8 B vpp_govm_path1
03fde9cc B edid_msg_enable
03fde9d0 B vo_lvds_init_flag
03fde9d4 B vo_plug_vout
03fde9d8 B vo_plug_func
03fde9dc B hdmi_cur_plugin
03fde9e0 B vo_oem_tmr
03fdea08 B dvo_vout_mode
03fdea0c B int_vout_mode
03fdea10 B vo_poll_vout
03fdea14 b vt1632_not_ready
03fdea18 b cs8556_not_ready
03fdea1c b pWMTOST
03fdea20 B vpp_dvi_i2c_id
03fdea24 B vpp_i2c_lock
03fdea28 B swi2c_sda
03fdea2c B swi2c_scl
03fdea30 B ___strtok
03fdea34 b fixed_mem
03fdfac4 b fixed_lock
03fdfac8 b fixed_built
03fdfacc b fixed_bl
03fdfad0 b fixed_tl
03fdfad4 b fixed_bd
03fdfad8 b fixed_td
03fdfadc B flash_info
03fe230c b flash_count
03fe2310 B flash_info_nor
03fe4b40 B flash_info_nand
03fe7370 B flash_info_spi
03fe8788 B chip_id
03fe878c B sfreg
03fe8790 b phy_flash_addr_0
03fe8794 b phy_flash_addr_1
03fe8798 b dev_en_count
03fe89a0 b qh.5254
03fe8a00 b ntds.5256
03fe8a20 b td.5255
03fe8ae0 B hcor
03fe8ae4 B rootdev
03fe8ae8 b portreset
03fe8aec B hccr
03fe8af0 B port_connect_status
03fe8af4 B MaxDevice
03fe8af8 B length_flag
03fe8b00 b qh_list
03fe8b60 B pipe_flag
03fe8b64 B g_usb_param
03fe8b68 B usb_flag
03fe8b6c B inquiry_flag
03fe9000 b rh
03fe9080 B tmp_td
03fed080 B qh_cntrl
03fed100 B qh_bulk
03fed180 B tmp_int_td
03fed580 B td_int
03fee000 B framelist
03fef000 B td_last
03fef080 B qh_end
03ff0000 b i2c
03ff0018 B i2c_xfer_mode
03ff001c b i2c
03ff0034 b i2c
03ff004c b i2c
03ff0064 B g_bInit
03ff0068 B sg_aAdapter
03ff006c B g_sOptions
03ff0088 b wOrgData.4646
03ff008a b wOrgData.4639
03ff008c b dma_status
03ff0094 b dma_chan
03ff016c b descript_chan
03ff01ec b first_init.4621
03ff01f0 b dma_mem_regs_base.4622
03ff01f4 B SDDevInfo
03ff01f8 B SD0DevInfo
03ff0440 b mmc_dev
03ff0444 b mmc0_dev
03ff04ac b mmc_ready
03ff04b0 b mmc0_ready
03ff04b4 b chip_id
03ff04b8 B SD1DevInfo
03ff0700 b mmc1_dev
03ff0768 b mmc1_ready
03ff076c B SD2DevInfo
03ff09b4 b mmc2_dev
03ff0a1c b mmc2_ready
03ff0a20 B SD3DevInfo
03ff0c68 b mmc3_dev
03ff0cd0 b mmc3_ready
03ff0cd4 b Bitmode
03ff0cd8 b chip_version.5134
03ff0cdc B SD_PDMA_REG
03ff0d14 B PSD_PDMA_REG
03ff0d18 b params
03ff0d1c b part_offset
03ff0d20 b cur_dev
03ff0d24 A _end
