Archive member included because of file (symbol)

board/wmt/libwmt.a(lowlevel_init.o)
                              cpu/arm920t/start.o (lowlevel_init)
cpu/arm920t/libarm920t.a(interrupts.o)
                              cpu/arm920t/start.o (do_undefined_instruction)
cpu/arm920t/wmt/libwmt.a(interrupts.o)
                              cpu/arm920t/libarm920t.a(interrupts.o) (reset_cpu)
lib_arm/libarm.a(board.o)     cpu/arm920t/start.o (start_armboot)
net/libnet.a(net.o)           lib_arm/libarm.a(board.o) (copy_filename)
net/libnet.a(tftp.o)          net/libnet.a(net.o) (TftpStart)
net/libnet.a(bootp.o)         net/libnet.a(net.o) (BootpRequest)
net/libnet.a(rarp.o)          net/libnet.a(net.o) (RarpRequest)
net/libnet.a(eth.o)           lib_arm/libarm.a(board.o) (eth_initialize)
net/libnet.a(nfs.o)           net/libnet.a(net.o) (NfsStart)
common/libcommon.a(main.o)    lib_arm/libarm.a(board.o) (main_loop)
common/libcommon.a(cmd_autoscript.o)
                              (__u_boot_cmd_autoscr)
common/libcommon.a(cmd_bdinfo.o)
                              (__u_boot_cmd_bdinfo)
common/libcommon.a(cmd_boot.o)
                              (__u_boot_cmd_go)
common/libcommon.a(cmd_bootm.o)
                              common/libcommon.a(main.o) (do_bootd)
common/libcommon.a(cmd_console.o)
                              (__u_boot_cmd_coninfo)
common/libcommon.a(cmd_fat.o)
                              (__u_boot_cmd_fatload)
common/libcommon.a(cmd_flash.o)
                              (__u_boot_cmd_flinfo)
common/libcommon.a(cmd_i2c.o)
                              (__u_boot_cmd_imd)
common/libcommon.a(cmd_ide.o)
                              common/libcommon.a(cmd_fat.o) (ide_get_dev)
common/libcommon.a(cmd_itest.o)
                              (__u_boot_cmd_itest)
common/libcommon.a(cmd_load.o)
                              (__u_boot_cmd_loads)
common/libcommon.a(cmd_mem.o)
                              common/libcommon.a(cmd_i2c.o) (cmd_get_data_size)
common/libcommon.a(cmd_mii.o)
                              (__u_boot_cmd_mii)
common/libcommon.a(cmd_misc.o)
                              (__u_boot_cmd_sleep)
common/libcommon.a(cmd_mmc.o)
                              (__u_boot_cmd_mmcinit)
common/libcommon.a(cmd_dma.o)
                              (__u_boot_cmd_dmacp)
common/libcommon.a(cmd_nand.o)
                              lib_arm/libarm.a(board.o) (nand_probe)
common/libcommon.a(cmd_net.o)
                              (__u_boot_cmd_bootp)
common/libcommon.a(cmd_nvedit.o)
                              common/libcommon.a(cmd_mmc.o) (do_setenv)
common/libcommon.a(cmd_usb.o)
                              (__u_boot_cmd_usb)
common/libcommon.a(command.o)
                              common/libcommon.a(main.o) (find_cmd)
common/libcommon.a(console.o)
                              cpu/arm920t/libarm920t.a(interrupts.o) (printf)
common/libcommon.a(devices.o)
                              lib_arm/libarm.a(board.o) (devices_init)
common/libcommon.a(dlmalloc.o)
                              common/libcommon.a(cmd_autoscript.o) (free)
common/libcommon.a(env_common.o)
                              common/libcommon.a(cmd_nvedit.o) (env_crc_update)
common/libcommon.a(env_flash.o)
                              common/libcommon.a(env_common.o) (env_get_char_spec)
common/libcommon.a(exports.o)
                              lib_arm/libarm.a(board.o) (jumptable_init)
common/libcommon.a(wmt_cmd_display.o)
                              (__u_boot_cmd_display)
common/libcommon.a(minivgui.o)
                              common/libcommon.a(wmt_cmd_display.o) (mv_initPrimary)
common/libcommon.a(uboot-vpp.o)
                              common/libcommon.a(wmt_cmd_display.o) (wmt_graphic_init)
common/libcommon.a(cmd_mbit.o)
                              (__u_boot_cmd_mbit)
common/libcommon.a(cmd_textout.o)
                              common/libcommon.a(wmt_cmd_display.o) (text_x)
common/libcommon.a(env_parse.o)
                              common/libcommon.a(uboot-vpp.o) (parse_gpio_operation)
common/libcommon.a(flash.o)   common/libcommon.a(cmd_load.o) (addr2info)
common/libcommon.a(hush.o)    common/libcommon.a(main.o) (parse_string_outer)
common/libcommon.a(lists.o)   common/libcommon.a(devices.o) (ListCreate)
common/libcommon.a(miiphyutil.o)
                              net/libnet.a(eth.o) (miiphy_init)
common/libcommon.a(s_record.o)
                              common/libcommon.a(cmd_load.o) (srec_decode)
common/libcommon.a(usb.o)     common/libcommon.a(cmd_usb.o) (usb_string)
common/libcommon.a(usb_storage.o)
                              common/libcommon.a(cmd_fat.o) (usb_stor_get_dev)
common/libcommon.a(pwm.o)     common/libcommon.a(wmt_cmd_display.o) (pwm_set_control)
common/libcommon.a(govrh.o)   common/libcommon.a(uboot-vpp.o) (govrh_mod_init)
common/libcommon.a(vout.o)    common/libcommon.a(uboot-vpp.o) (vout_get_entry)
common/libcommon.a(lcd.o)     common/libcommon.a(uboot-vpp.o) (lcd_module_init)
[...]
Memory Configuration

Name             Origin             Length             Attributes
*default*        0x00000000         0xffffffff

Linker script and memory map

                0x00000000                . = 0x0
                0x00000000                . = ALIGN (0x4)

.text           0x03f80000    0x3b458
 cpu/arm920t/start.o(.text)
 .text          0x03f80000      0x3c0 cpu/arm920t/start.o
                0x03f80000                _start
                0x03f80044                _armboot_start
                0x03f80048                _bss_start
                0x03f8004c                _bss_end
 *(.text)
 .text          0x03f803c0        0x8 board/wmt/libwmt.a(lowlevel_init.o)
                0x03f803c4                lowlevel_init
 .text          0x03f803c8      0x264 cpu/arm920t/libarm920t.a(interrupts.o)
                0x03f803c8                enable_interrupts
                0x03f803cc                disable_interrupts
                0x03f803d4                bad_mode
                0x03f803f0                show_regs
                0x03f80530                do_undefined_instruction
                0x03f80554                do_software_interrupt
                0x03f80578                do_prefetch_abort
                0x03f8059c                do_data_abort
                0x03f805c0                do_not_used
                0x03f805e4                do_fiq
                0x03f80608                do_irq
 .text          0x03f8062c      0x22c cpu/arm920t/wmt/libwmt.a(interrupts.o)
                0x03f80660                set_timer
                0x03f80670                reset_timer_masked
                0x03f80690                reset_timer
                0x03f80694                interrupt_init
                0x03f806d8                get_timer_masked
                0x03f8070c                get_timer
                0x03f80720                udelay
                0x03f80788                udelay_masked
                0x03f807dc                get_ticks
                0x03f807f0                get_tbclk
                0x03f807fc                reset_cpu
 .text          0x03f80858      0x358 lib_arm/libarm.a(board.o)
                0x03f80924                nand_init
                0x03f80948                sbrk
                0x03f80980                raise
                0x03f80984                hang
                0x03f80998                start_armboot
 .text          0x03f80bb0     0x1190 net/libnet.a(net.o)
                0x03f80c64                NetSetHandler
                0x03f80c74                NetSetTimeout
                0x03f80ca4                NetStartAgain
                0x03f80d20                NetSendPacket
                0x03f80d24                NetCksum
                0x03f80d58                NetCksumOk
                0x03f80d78                NetEthHdrSize
                0x03f80db4                NetSetEther
                0x03f80e54                ArpRequest
                0x03f80f34                ArpTimeoutCheck
                0x03f80fa8                PingSend
                0x03f810cc                NetSetIP
                0x03f811b0                NetSendUDPPacket
                0x03f812e8                copy_filename
                0x03f8132c                ip_to_string
                0x03f81368                string_to_ip
                0x03f813d0                VLAN_to_string
                0x03f81424                string_to_VLAN
                0x03f81468                print_IPaddr
                0x03f81484                NetReceive
                0x03f81910                getenv_IPaddr
                0x03f81920                getenv_VLAN
                0x03f81930                NetLoop
 .text          0x03f81d40      0x5f0 net/libnet.a(tftp.o)
                0x03f82140                TftpStart
 .text          0x03f82330      0x8f0 net/libnet.a(bootp.o)
                0x03f82a38                BootpRequest
                0x03f82c1c                DhcpRequest
 .text          0x03f82c20      0x194 net/libnet.a(rarp.o)
                0x03f82c7c                RarpRequest
 .text          0x03f82db4       0xcc net/libnet.a(eth.o)
                0x03f82db4                eth_parse_enetaddr
                0x03f82e08                eth_getenv_enetaddr
                0x03f82e64                eth_initialize
 .text          0x03f82e80      0xe0c net/libnet.a(nfs.o)
                0x03f83a64                NfsStart
 .text          0x03f83c8c      0x90c common/libcommon.a(main.o)
                0x03f83d68                readline
                0x03f83f58                run_command
                0x03f84388                main_loop
                0x03f84518                do_run
 .text          0x03f84598      0x1b0 common/libcommon.a(cmd_autoscript.o)
                0x03f845a0                autoscript
                0x03f84708                do_autoscript
 .text          0x03f84748       0xec common/libcommon.a(cmd_bdinfo.o)
                0x03f84760                do_bdinfo
 .text          0x03f84834       0x80 common/libcommon.a(cmd_boot.o)
                0x03f84834                do_go
 .text          0x03f848b4      0xa74 common/libcommon.a(cmd_bootm.o)
                0x03f848d4                do_bootd
                0x03f848f8                print_image_hdr
                0x03f84c6c                do_iminfo
                0x03f84ccc                gunzip
                0x03f84e18                do_bootm
 .text          0x03f85328       0xd0 common/libcommon.a(cmd_console.o)
                0x03f85328                do_coninfo
 .text          0x03f853f8      0x558 common/libcommon.a(cmd_fat.o)
                0x03f853f8                get_dev
                0x03f85480                do_fat_fsinfo
                0x03f85558                do_fat_ls
                0x03f85660                do_fat_fsstore
                0x03f857d0                do_fat_fsload
 .text          0x03f85950      0xbb8 common/libcommon.a(cmd_flash.o)
                0x03f85df4                do_flinfo
                0x03f85e9c                flash_sect_erase
                0x03f85f84                do_flerase
                0x03f86160                flash_sect_protect
                0x03f86264                do_protect
 .text          0x03f86508      0x92c common/libcommon.a(cmd_i2c.o)
                0x03f86510                do_i2c_loop
                0x03f86624                do_i2c_probe
                0x03f86674                do_i2c_md
                0x03f8685c                do_i2c_crc
                0x03f869ac                do_i2c_reg_set
                0x03f86aac                do_i2c_mw
                0x03f86de4                do_i2c_nm
                0x03f86e0c                do_i2c_mm
 .text          0x03f86e34      0xe10 common/libcommon.a(cmd_ide.o)
                0x03f86f3c                do_diskboot
                0x03f873b8                ide_read
                0x03f87594                ide_init
                0x03f8770c                ide_get_dev
                0x03f87720                ide_write
                0x03f87880                do_ide
 .text          0x03f87c44      0x2d0 common/libcommon.a(cmd_itest.o)
                0x03f87ca8                binary_test
                0x03f87e68                do_itest
 .text          0x03f87f14      0xb1c common/libcommon.a(cmd_load.o)
                0x03f88174                do_load_serial
                0x03f88250                send_pad
                0x03f8827c                ktrans
                0x03f8829c                chk1
                0x03f882c4                s1_sendpacket
                0x03f882e8                send_ack
                0x03f88344                send_nack
                0x03f883a0                k_data_init
                0x03f883c0                k_data_save
                0x03f883ec                k_data_restore
                0x03f88418                k_data_char
                0x03f88468                handle_send_packet
                0x03f8862c                do_load_serial_bin
 .text          0x03f88a30      0xbe4 common/libcommon.a(cmd_mem.o)
                0x03f88a30                do_mem_base
                0x03f88a70                do_mem_crc
                0x03f88bac                do_mem_mtest
                0x03f88cd0                cmd_get_data_size
                0x03f88d20                do_mem_loop
                0x03f88e1c                do_mem_cp
                0x03f89018                do_mem_cmp
                0x03f891b4                do_mem_mw
                0x03f893dc                do_mem_nm
                0x03f89404                do_mem_mm
                0x03f8942c                do_mem_md
 .text          0x03f89614      0x780 common/libcommon.a(cmd_mii.o)
                0x03f8965c                MII_dump_0_to_5
                0x03f89910                do_mii
 .text          0x03f89d94       0x90 common/libcommon.a(cmd_misc.o)
                0x03f89d94                do_sleep
 .text          0x03f89e24      0x6f8 common/libcommon.a(cmd_mmc.o)
                0x03f89e24                do_mmc
                0x03f89e9c                do_mmc_read
                0x03f89f80                do_mmc_write
                0x03f8a088                do_mmc_wait_insert
                0x03f8a124                memdump
                0x03f8a17c                mmc_register_device
                0x03f8a238                do_mmc_read_img
 .text          0x03f8a51c      0x1f8 common/libcommon.a(cmd_dma.o)
                0x03f8a51c                do_dma_cp
                0x03f8a6fc                free_dma_channels
 .text          0x03f8a714     0x7128 common/libcommon.a(cmd_nand.o)
                0x03f8a714                isbbtbadblock
                0x03f8a768                update_bbt_inram
                0x03f8a7a4                toshiba_get_parameter
                0x03f8a7ac                do_parseimg
                0x03f8a960                rdmzier
                0x03f8a9c0                rdmzier_oob
                0x03f8aa44                get_current_nand_chip
                0x03f8aa6c                WRITE_NAND_COMMAND
                0x03f8aa84                print_nfc_register
                0x03f8aaec                print_nand_buf
                0x03f8aba4                nfc_ecc_set
                0x03f8acdc                shift_bit
                0x03f8ad04                NFC_WAIT_READY
                0x03f8ad34                NAND_WAIT_READY
                0x03f8ad7c                NFC_WAIT_CMD_READY
                0x03f8adac                NAND_WAIT_IDLE
                0x03f8ade8                check_block
                0x03f8aedc                NanD_Address
                0x03f8b088                nand_init_pdma
                0x03f8b0bc                nand_free_pdma
                0x03f8b0d8                nand_alloc_desc_pool
                0x03f8b0f8                nand_init_short_desc
                0x03f8b13c                nand_init_long_desc
                0x03f8b198                nand_config_pdma
                0x03f8b1cc                nfc_dma_cfg
                0x03f8b35c                nand_pdma_handler
                0x03f8b43c                hynix_read_retry_get_para
                0x03f8b628                get_read_retry_para
                0x03f8b668                hynix_read_retry_set_para
                0x03f8b874                set_read_retry_para
                0x03f8b8b4                NFC_CHECK_ECC
                0x03f8b918                nand_read_status
                0x03f8b99c                nand_read_page
                0x03f8bb20                wmt_nand_erase
                0x03f8bbd8                nand_page_program
                0x03f8bcd0                eslc_nand_write_block
                0x03f8bed4                nand_write_block
                0x03f8c0ac                eslc_nand_read_block
                0x03f8c144                nand_read_block
                0x03f8c1b8                nfc_1bit_ecc_correct
                0x03f8c32c                nfc_1bit_read_page
                0x03f8c394                calculate_ECC_info
                0x03f8c5cc                nfc_BCH_ecc_correct
                0x03f8c6b8                nfc_BCH_ecc_check
                0x03f8c7b4                wmt_nand_reset
                0x03f8c814                set_ECC_mode
                0x03f8c8bc                update_bbt_inflash
                0x03f8cd38                creat_bbt
                0x03f8cf44                nand_readID
                0x03f8cfc4                nand_get_feature
                0x03f8d074                nand_set_feature
                0x03f8d11c                wmt_calc_clock
                0x03f8d464                wmt_get_timing
                0x03f8d548                get_parameter
                0x03f8d6a4                hynix_get_parameter
                0x03f8d8a4                set_parameter
                0x03f8da0c                dummy_read
                0x03f8db1c                hynix_set_parameter
                0x03f8dbe0                nand_reset_no_read_status
                0x03f8dc40                write_bytes_param
                0x03f8ddf4                hynix_get_otp
                0x03f8e0ac                toshiba_send_data
                0x03f8e1c0                toshiba_set_parameter
                0x03f8e234                toshiba_pre_condition
                0x03f8e29c                nfc_BCH_read_page
                0x03f8e6b4                read_retry_param_from_nand
                0x03f8e86c                write_retry_param_to_nand
                0x03f8e9b4                get_pattern_small
                0x03f8ea48                get_pattern_large
                0x03f8eadc                WMT_check_pattern
                0x03f8eb84                find_bbt
                0x03f8edb0                nand_probe
                0x03f8f734                check_block_table
                0x03f8f840                nand_erase
                0x03f8f994                WMTLoadImageFormNAND
                0x03f8fb84                nand_boot
                0x03f8fd58                eslc_load_image
                0x03f8ff94                WMTSaveImageToNAND
                0x03f90328                eslc_save_image
                0x03f9074c                WMTEraseNAND
                0x03f90aa0                tellme_whereistable
                0x03f90b6c                tellme_badblock
                0x03f90c50                WMTEraseNANDALL
                0x03f90d18                tellme_nandinfo
                0x03f90e58                do_nand
 .text          0x03f9183c      0x374 common/libcommon.a(cmd_net.o)
                0x03f9183c                do_ping
                0x03f91b74                do_nfs
                0x03f91b80                do_dhcp
                0x03f91b8c                do_rarpb
                0x03f91b98                do_tftpb
                0x03f91ba4                do_bootp
 .text          0x03f91bb0      0x854 common/libcommon.a(cmd_nvedit.o)
                0x03f91c24                do_saveenv
                0x03f91c50                do_printenv
                0x03f91dfc                _do_setenv
                0x03f92258                do_setenv
                0x03f92294                setenv
                0x03f922c8                getenv
                0x03f92348                getenv_r
 .text          0x03f92404     0x1070 common/libcommon.a(cmd_usb.o)
                0x03f9240c                do_usbboot
                0x03f927c8                usb_get_class_desc
                0x03f92874                usb_display_class_sub
                0x03f929e8                usb_display_string
                0x03f92a1c                usb_display_desc
                0x03f92b44                usb_display_conf_desc
                0x03f92bf0                usb_display_if_desc
                0x03f92c78                usb_display_ep_desc
                0x03f92d2c                usb_display_config
                0x03f92dbc                usb_show_tree_graph
                0x03f92fc8                usb_show_tree
                0x03f92ff8                do_usb
 .text          0x03f93474      0xcd4 common/libcommon.a(command.o)
                0x03f93474                do_echo
                0x03f934f4                do_version
                0x03f93514                var_complete
                0x03f9359c                do_exit
                0x03f935cc                do_test
                0x03f93a34                find_cmd
                0x03f93ac8                do_help
                0x03f93ca4                install_auto_complete
                0x03f93cd0                cmd_auto_complete
 .text          0x03f94148      0x57c common/libcommon.a(console.o)
                0x03f941ec                serial_printf
                0x03f94230                fgetc
                0x03f9425c                ftstc
                0x03f94288                fputc
                0x03f942b0                fputs
                0x03f942d8                fprintf
                0x03f94320                getc
                0x03f94338                tstc
                0x03f94350                putc
                0x03f9436c                puts
                0x03f94388                printf
                0x03f943cc                vprintf
                0x03f94400                ctrlc
                0x03f9444c                disable_ctrlc
                0x03f94464                had_ctrlc
                0x03f94474                clear_ctrlc
                0x03f94488                dbg
                0x03f94494                console_assign
                0x03f94524                console_init_f
                0x03f94534                console_init_r
 .text          0x03f946c4      0x11c common/libcommon.a(devices.o)
                0x03f946c4                device_register
                0x03f946e8                devices_init
                0x03f947c4                devices_done
 .text          0x03f947e0      0xfc4 common/libcommon.a(dlmalloc.o)
                0x03f947e0                malloc_bin_reloc
                0x03f9481c                malloc_trim
                0x03f948ec                free
                0x03f94b14                cfree
                0x03f94b18                malloc
                0x03f95090                calloc
                0x03f9516c                memalign
                0x03f9527c                pvalloc
                0x03f95294                valloc
                0x03f952a0                realloc
                0x03f956f0                malloc_usable_size
                0x03f95730                mallopt
 .text          0x03f957a4      0x268 common/libcommon.a(env_common.o)
                0x03f957a4                env_get_char_memory
                0x03f957e8                env_crc_update
                0x03f95810                env_get_addr
                0x03f95834                env_relocate
                0x03f958d0                env_complete
 .text          0x03f95a0c      0x394 common/libcommon.a(env_flash.o)
                0x03f95a0c                env_get_char_spec
                0x03f95a18                env_init
                0x03f95b1c                saveenv
                0x03f95c64                env_relocate_spec
 .text          0x03f95da0       0xb4 common/libcommon.a(exports.o)
                0x03f95da4                get_version
                0x03f95dac                jumptable_init
 .text          0x03f95e54      0x5a0 common/libcommon.a(wmt_cmd_display.o)
                0x03f95f30                display_init
                0x03f96070                display_clear
                0x03f9607c                controlGPIO
 .text          0x03f963f4      0x788 common/libcommon.a(minivgui.o)
                0x03f96448                mv_initPrimary
                0x03f964dc                mv_drawLine
                0x03f96578                mv_drawRect
                0x03f965e4                mv_fillRect
                0x03f96640                mv_le_to_cpu
                0x03f96660                mv_loadBmp
                0x03f969e4                mv_textOut
 .text          0x03f96b7c      0x564 common/libcommon.a(uboot-vpp.o)
                0x03f96b7c                vpp_mod_init
                0x03f96b94                vpp_device_init
                0x03f96bd8                wmt_graphic_init
 .text          0x03f970e0      0x120 common/libcommon.a(cmd_mbit.o)
                0x03f970e0                excute_reg_op
 .text          0x03f97200      0x258 common/libcommon.a(cmd_textout.o)
                0x03f97284                do_textout
 .text          0x03f97458      0x33c common/libcommon.a(env_parse.o)
                0x03f97458                parse_gpio_operation
                0x03f97524                parse_pwm_params
 .text          0x03f97794      0x37c common/libcommon.a(flash.o)
                0x03f97794                flash_protect
                0x03f97864                addr2info
                0x03f978d4                flash_write
                0x03f97a30                flash_perror
 .text          0x03f97b10     0x1bb8 common/libcommon.a(hush.o)
                0x03f9837c                simple_itoa
                0x03f983d8                new_pipe
                0x03f98484                reserved_word
                0x03f98724                mapset
                0x03f98748                update_ifs_map
                0x03f987b8                parse_string_outer
                0x03f9960c                parse_file_outer
                0x03f99650                u_boot_hush_start
 .text          0x03f996c8      0x3d0 common/libcommon.a(lists.o)
                0x03f996c8                NewHandle
                0x03f99724                DisposeHandle
                0x03f99744                GetHandleSize
                0x03f9974c                SetHandleSize
                0x03f997c8                ListCreate
                0x03f99828                ListSetAllocationPolicy
                0x03f9983c                ListDispose
                0x03f99840                ListInsertItems
                0x03f99a04                ListInsertItem
                0x03f99a0c                ListGetItems
                0x03f99a48                ListGetPtrToItem
                0x03f99a74                ListGetDataPtr
                0x03f99a80                ListGetItemSize
                0x03f99a8c                ListNumItems
 .text          0x03f99a98      0x510 common/libcommon.a(miiphyutil.o)
                0x03f99a98                miiphy_init
                0x03f99ab4                miiphy_register
                0x03f99b90                miiphy_set_current_dev
                0x03f99bec                miiphy_get_current_dev
                0x03f99c04                miiphy_read
                0x03f99c90                miiphy_write
                0x03f99d1c                miiphy_listdev
                0x03f99d84                miiphy_info
                0x03f99e08                miiphy_reset
                0x03f99ea8                miiphy_speed
                0x03f99f28                miiphy_duplex
 .text          0x03f99fa8      0x2e0 common/libcommon.a(s_record.o)
                0x03f9a01c                srec_decode
 .text          0x03f9a288     0x1700 common/libcommon.a(usb.o)
                0x03f9a2d0                wait_ms
                0x03f9a2f0                usb_disable_asynch
                0x03f9a310                usb_submit_int_msg
                0x03f9a314                usb_control_msg
                0x03f9a410                usb_bulk_msg
                0x03f9a480                usb_maxpacket
                0x03f9a4a0                usb_set_maxpacket
                0x03f9a4dc                usb_parse_config
                0x03f9a62c                usb_clear_halt
                0x03f9a6c8                usb_get_descriptor
                0x03f9a724                usb_get_configuration_no
                0x03f9a7b8                usb_set_address
                0x03f9a7f8                usb_set_interface
                0x03f9a8ac                usb_set_configuration
                0x03f9a924                usb_set_protocol
                0x03f9a974                usb_set_idle
                0x03f9a9cc                usb_get_report
                0x03f9aa30                usb_get_class_descriptor
                0x03f9aa94                usb_get_string
                0x03f9ac10                usb_string
                0x03f9ad14                usb_get_dev_index
                0x03f9ad40                usb_alloc_new_device
                0x03f9ae70                usb_get_hub_descriptor
                0x03f9aec4                usb_clear_hub_feature
                0x03f9af10                usb_clear_port_feature
                0x03f9af60                usb_set_port_feature
                0x03f9aff4                usb_get_hub_status
                0x03f9b040                usb_get_port_status
                0x03f9b090                usb_hub_reset
                0x03f9b0a4                usb_stop
                0x03f9b0e0                usb_hub_allocate
                0x03f9b124                hub_port_reset
                0x03f9b1c4                usb_new_device
                0x03f9b4a0                usb_scan_devices
                0x03f9b544                usb_init
                0x03f9b5e4                usb_hub_port_connect_change
                0x03f9b700                usb_hub_configure
                0x03f9b8fc                usb_hub_probe
                0x03f9b954                portspeed
 .text          0x03f9b988     0x1350 common/libcommon.a(usb_storage.o)
                0x03f9bc68                usb_stor_get_dev
                0x03f9bc7c                usb_show_progress
                0x03f9bc88                usb_stor_read
                0x03f9be70                usb_stor_info
                0x03f9bed8                usb_stor_BBB_comdat
                0x03f9bfb0                usb_stor_CB_comdat
                0x03f9c1fc                usb_stor_CBI_get_status
                0x03f9c2cc                usb_stor_CB_transport
                0x03f9c4cc                usb_stor_BBB_clear_endpt_stall
                0x03f9c518                usb_stor_BBB_transport
                0x03f9c6d0                usb_storage_probe
                0x03f9c8ac                usb_stor_get_info
                0x03f9cae4                usb_stor_scan
 .text          0x03f9ccd8      0x3c0 common/libcommon.a(pwm.o)
                0x03f9ccd8                lcd_blt_set_level
                0x03f9ccdc                lcd_blt_set_freq
                0x03f9cce0                pwm_set_control
                0x03f9cd20                pwm_set_scalar
                0x03f9cd5c                pwm_set_period
                0x03f9cd98                pwm_set_duty
                0x03f9cdd4                pwm_get_period
                0x03f9cdec                pwm_get_duty
                0x03f9ce04                set_lcd_power
                0x03f9ce90                pwm_set_gpio
                0x03f9cf5c                pwm_set_enable
                0x03f9cfb8                lcd_blt_enable
                0x03f9cfbc                lcd_blt_set_pwm
 .text          0x03f9d098     0x1618 common/libcommon.a(govrh.o)
                0x03f9d098                govrh_mod_suspend
                0x03f9d09c                govrh_mod_resume
                0x03f9d0a0                govrh2_mod_suspend
                0x03f9d0a4                govrh2_mod_resume
                0x03f9d0a8                govrh_set_tg_enable
                0x03f9d0e4                govrh_set_clock
                0x03f9d16c                govrh_set_tg1
                0x03f9d1e8                govrh_get_tg_mode
                0x03f9d1f8                govrh_set_tg2
                0x03f9d268                govrh_get_tg
                0x03f9d300                govrh2_mod_get_tg
                0x03f9d314                govrh_mod_get_tg
                0x03f9d328                govrh_get_hscale_up
                0x03f9d338                govrh_set_direct_path
                0x03f9d344                govrh_get_int_status
                0x03f9d358                govrh2_mod_get_sts
                0x03f9d368                govrh_mod_get_sts
                0x03f9d378                govrh_clean_int_status
                0x03f9d394                govrh2_mod_clr_sts
                0x03f9d3a8                govrh_mod_clr_sts
                0x03f9d3bc                govrh_set_int_enable
                0x03f9d3e8                govrh_set_dvo_enable
                0x03f9d454                govrh_set_dvo_sync_polar
                0x03f9d474                govrh_get_dvo_color_format
                0x03f9d4a0                govrh_set_dvo_color_format
                0x03f9d4f4                govrh_set_dvo_outdatw
                0x03f9d510                govrh_set_dvo_clock_delay
                0x03f9d53c                govrh_set_colorbar
                0x03f9d568                govrh2_mod_set_colorbar
                0x03f9d594                govrh_mod_set_colorbar
                0x03f9d5c0                govrh_set_contrast
                0x03f9d5f0                govrh_get_contrast
                0x03f9d600                govrh_set_brightness
                0x03f9d60c                govrh_get_brightness
                0x03f9d618                govrh_set_MIF_enable
                0x03f9d62c                govrh2_mod_set_enable
                0x03f9d640                govrh_mod_set_enable
                0x03f9d654                govrh_get_MIF_enable
                0x03f9d664                govrh_set_frame_mode
                0x03f9d6bc                govrh_set_color_format
                0x03f9d774                govrh2_mod_set_color_fmt
                0x03f9d788                govrh_mod_set_color_fmt
                0x03f9d79c                govrh_get_color_format
                0x03f9d7f0                govrh2_mod_get_color_fmt
                0x03f9d800                govrh_mod_get_color_fmt
                0x03f9d810                govrh_reg_dump
                0x03f9dbec                govrh2_mod_dump_reg
                0x03f9dbfc                govrh_mod_dump_reg
                0x03f9dc0c                govrh_set_source_format
                0x03f9dc24                govrh_set_output_format
                0x03f9dc3c                govrh_set_fb_addr
                0x03f9dc4c                govrh2_mod_set_addr
                0x03f9dc68                govrh_mod_set_addr
                0x03f9dc84                govrh_get_fb_addr
                0x03f9dc9c                govrh2_mod_get_addr
                0x03f9dcb8                govrh_mod_get_addr
                0x03f9dcd4                govrh_set_fb2_addr
                0x03f9dce4                govrh_get_fb2_addr
                0x03f9dcfc                govrh_set_fb_width
                0x03f9dd08                govrh_set_fb_info
                0x03f9dd44                govrh_get_fb_info
                0x03f9dd70                govrh_set_fifo_index
                0x03f9dd7c                govrh_set_reg_level
                0x03f9dd98                govrh_set_reg_update
                0x03f9ddac                govrh_set_tg
                0x03f9ddf0                govrh2_mod_set_tg
                0x03f9de0c                govrh_mod_set_tg
                0x03f9de28                govrh_set_timing
                0x03f9df8c                govrh_set_csc_mode
                0x03f9e150                govrh2_mod_set_csc
                0x03f9e164                govrh_mod_set_csc
                0x03f9e178                govrh_set_framebuffer
                0x03f9e1e4                govrh2_mod_set_framebuf
                0x03f9e1f8                govrh_mod_set_framebuf
                0x03f9e20c                govrh_init
                0x03f9e2c0                govrh_get_framebuffer
                0x03f9e33c                govrh_set_media_format
                0x03f9e350                govrh_HDMI_set_blank_value
                0x03f9e368                govrh_HDMI_set_3D_mode
                0x03f9e37c                govrh_is_top_field
                0x03f9e390                govrh_IGS_set_mode
                0x03f9e3d8                govrh_IGS_set_RGB_swap
                0x03f9e3ec                govrh_suspend
                0x03f9e3f0                govrh_resume
                0x03f9e3f4                govrh_mod_init
 .text          0x03f9e6b0      0xfec common/libcommon.a(vout.o)
                0x03f9e6b0                vout_print_entry
                0x03f9e7cc                vout_register
                0x03f9e800                vout_get_entry
                0x03f9e818                vout_get_info_entry
                0x03f9e870                vout_change_status
                0x03f9e8a4                vout_query_inf_support
                0x03f9e8e4                vout_inf_register
                0x03f9e954                vout_inf_get_entry
                0x03f9e994                vout_device_register
                0x03f9e9d4                vout_get_device
                0x03f9e9ec                vout_get_entry_adapter
                0x03f9ea08                vout_get_inf_entry_adapter
                0x03f9ea54                vout_info_add_entry
                0x03f9eba0                vout_info_get_entry
                0x03f9ebf8                vout_info_set_fixed_timing
                0x03f9ec0c                vout_check_ratio_16_9
                0x03f9ec2c                vout_find_edid_support_mode
                0x03f9ed68                vout_set_framebuffer
                0x03f9ede4                vout_set_tg_enable
                0x03f9ee50                vout_set_blank
                0x03f9ef5c                vout_set_mode
                0x03f9f048                vout_chkplug
                0x03f9f0c8                vout_inf_chkplug
                0x03f9f120                vout_get_edid
                0x03f9f1e0                vout_find_video_mode
                0x03f9f480                vout_config
                0x03f9f590                vout_check_info
                0x03f9f614                vout_get_edid_option
                0x03f9f660                vout_get_mask
 .text          0x03f9f69c      0x370 common/libcommon.a(lcd.o)
                0x03f9f69c                lcd_check_plugin
                0x03f9f6b4                lcd_get_edid
                0x03f9f6bc                lcd_config
                0x03f9f6e8                lcd_set_power_down
                0x03f9f700                lcd_set_parm
                0x03f9f710                lcd_get_dev
                0x03f9f72c                lcd_panel_register
                0x03f9f758                lcd_get_parm
                0x03f9f788                lcd_init
                0x03f9f800                lcd_set_mode
                0x03f9f9d4                lcd_module_init
 .text          0x03f9fa0c      0x358 common/libcommon.a(lvds.o)
                0x03f9fa0c                lvds_set_power_down
                0x03f9fa50                lvds_set_enable
                0x03f9fac4                lvds_get_enable
                0x03f9fad8                lvds_set_rgb_type
                0x03f9fb30                lvds_get_colfmt
                0x03f9fb38                lvds_set_sync_polar
                0x03f9fb70                lvds_reg_dump
                0x03f9fcc4                lvds_init
 .text          0x03f9fd64     0x186c common/libcommon.a(vpp.o)
                0x03f9fd64                vpp_get_chipid
                0x03f9fd74                vpp_cache_sync
                0x03f9fd78                vpp_set_dbg_gpio
                0x03f9fe40                vpp_check_dbg_level
                0x03f9fe84                vpp_mod_unregister
                0x03f9fed4                vpp_mod_register
                0x03f9ff88                vpp_mod_get_base
                0x03f9ffa4                vpp_mod_get_fb_base
                0x03f9ffb8                vpp_mod_get_framebuf
                0x03f9ffcc                vpp_mod_set_clock
                0x03fa0044                vpp_get_fb_field
                0x03fa0050                vpp_get_base_clock
                0x03fa0080                vpp_calculate_diff
                0x03fa0090                vpp_check_value
                0x03fa00b0                vpp_show_timing
                0x03fa0178                vpp_show_framebuf
                0x03fa0218                vpp_show_view
                0x03fa028c                vpp_trans_timing
                0x03fa03e8                vpp_mod_set_timing
                0x03fa0474                vpp_check_csc_mode
                0x03fa04bc                vpp_get_gcd
                0x03fa04d4                vpp_check_scale_ratio
                0x03fa0620                vpp_calculate_scale_ratio
                0x03fa07f0                vpp_check_bilinear_arg
                0x03fa08b8                vpp_get_video_mode_fps
                0x03fa095c                vpp_get_video_mode
                0x03fa0b14                vpp_get_video_mode_ext
                0x03fa0b40                vpp_set_video_quality
                0x03fa0b44                vpp_set_vppm_int_enable
                0x03fa0b48                vpp_reg_dump
                0x03fa0bbc                vpp_convert_colfmt
                0x03fa0d30                vpp_backup_reg
                0x03fa0d80                vpp_restore_reg
                0x03fa0dc0                vpp_backup_reg2
                0x03fa0dec                vpp_restore_reg2
                0x03fa0e1c                vpp_get_sys_parameter
                0x03fa1064                vpp_init
                0x03fa1284                vpp_config
                0x03fa13f0                vpp_get_colfmt_bpp
                0x03fa148c                vpp_clr_framebuf
                0x03fa1568                vpp_calc_align
                0x03fa1590                vpp_calc_fb_width
 .text          0x03fa15d0     0x1b78 common/libcommon.a(hdmi.o)
                0x03fa15d0                hdmi_reg32_write
                0x03fa1628                hdmi_ecc
                0x03fa1728                hdmi_checksum
                0x03fa1774                hdmi_set_enable
                0x03fa17a4                hdmi_set_dvi_enable
                0x03fa17bc                hdmi_set_sync_low_active
                0x03fa17f4                hdmi_set_output_colfmt
                0x03fa1848                hdmi_get_output_colfmt
                0x03fa1880                hdmi_get_plugin
                0x03fa1894                hdmi_get_plug_status
                0x03fa18ac                hdmi_clear_plug_status
                0x03fa18e0                hdmi_enable_plugin
                0x03fa1918                hdmi_write_fifo
                0x03fa1994                hdmi_read_fifo
                0x03fa1a00                hdmi_DDC_check_status
                0x03fa1ab4                hdmi_DDC_set_freq
                0x03fa1ae8                hdmi_DDC_reset
                0x03fa1b24                hdmi_DDC_read_func
                0x03fa1dd0                hdmi_DDC_read
                0x03fa1e28                hdmi_audio_enable
                0x03fa1e40                hdmi_audio_mute
                0x03fa1e58                hdmi_write_packet
                0x03fa1f14                hdmi_tx_null_packet
                0x03fa1f24                hdmi_tx_general_control_packet
                0x03fa1f68                hdmi_get_pic_aspect
                0x03fa1f88                hdmi_tx_avi_infoframe_packet
                0x03fa2044                hdmi_tx_audio_infoframe_packet
                0x03fa20b4                hdmi_tx_vendor_specific_infoframe_packet
                0x03fa2164                hdmi_set_audio_n_cts
                0x03fa2210                hdmi_config_audio
                0x03fa23ec                hdmi_config_video
                0x03fa240c                hdmi_set_option
                0x03fa2490                hdmi_config
                0x03fa25d8                hdmi_set_cp_enable
                0x03fa2610                hdmi_poll_cp_status
                0x03fa2634                hdmi_check_cp_int
                0x03fa2658                hdmi_get_bksv
                0x03fa267c                hdmi_check_plugin
                0x03fa270c                hdmi_reg_dump
                0x03fa2f9c                hdmi_set_cypher
                0x03fa2fe0                hdmi_init
 .text          0x03fa3148     0x1c18 common/libcommon.a(parse-edid.o)
                0x03fa3184                edid_dump
                0x03fa31e4                edid_checksum
                0x03fa3210                edid_parse
                0x03fa4b3c                edid_find_support
                0x03fa4d48                edid_get_hdmi_phy_addr
 .text          0x03fa4d60     0x1304 common/libcommon.a(vout-wmt.o)
                0x03fa510c                vo_i2c_proc
                0x03fa51a0                vout_set_int_type
                0x03fa51d0                vo_dvi_initial
                0x03fa51ec                vo_hdmi_set_clock
                0x03fa5390                vo_hdmi_cp_set_enable_tmr
                0x03fa5520                vo_hdmi_initial
                0x03fa553c                vo_lvds_initial
                0x03fa5558                vout_init_param
                0x03fa565c                vout_check_display_info
                0x03fa5a14                vout_check_ext_device
                0x03fa5d88                vout_check_monitor_resolution
                0x03fa5f00                vout_init
                0x03fa605c                vout_exit
 .text          0x03fa6064       0x88 common/libcommon.a(lcd-oem.o)
                0x03fa6064                lcd_oem_get_parm
                0x03fa607c                lcd_oem_init
                0x03fa608c                lcd_get_oem_parm
 .text          0x03fa60ec       0x28 common/libcommon.a(lcd-AUO-A080SN01.o)
                0x03fa60ec                lcd_a080sn01_get_parm
                0x03fa6104                lcd_a080sn01_init
 .text          0x03fa6114       0x24 common/libcommon.a(lcd-INNOLUX-AT070TN83.o)
                0x03fa611c                lcd_at070tn83_get_parm
                0x03fa6128                lcd_at070tn83_init
 .text          0x03fa6138       0x3c common/libcommon.a(lcd-CHILIN-LW700at9003.o)
                0x03fa6138                lcd_lw700at9003_get_parm
                0x03fa6164                lcd_lw700at9003_init
 .text          0x03fa6174       0x34 common/libcommon.a(lcd-EKING-EK08009-70135.o)
                0x03fa6174                lcd_ek08009_get_parm
                0x03fa6198                lcd_ek08009_init
 .text          0x03fa61a8       0x34 common/libcommon.a(lcd-HANNSTAR-HSD101PFW2.o)
                0x03fa61a8                lcd_HSD101PFW2_get_parm
                0x03fa61cc                lcd_HSD101PFW2_init
 .text          0x03fa61dc      0x230 common/libcommon.a(vt1632.o)
                0x03fa61dc                vt1632_config
                0x03fa61e4                vt1632_get_edid
                0x03fa61ec                vt1632_set_power_down
                0x03fa6258                vt1632_set_mode
                0x03fa62dc                vt1632_init
                0x03fa6378                vt1632_check_plugin
                0x03fa63ec                vt1632_interrupt
                0x03fa63f4                vt1632_module_init
 .text          0x03fa640c        0x8 common/libcommon.a(sil902x.o)
                0x03fa640c                sil902x_module_init
 .text          0x03fa6414      0x4b8 common/libcommon.a(cs8556.o)
                0x03fa6414                cs8556_config
                0x03fa6434                cs8556_set_power_down
                0x03fa6460                cs8556_set_mode
                0x03fa64ac                getcs8556_TvEncoderParam
                0x03fa6584                cs8556_getTable0
                0x03fa6590                cs8556_getTable1
                0x03fa659c                cs8556_i2c_read
                0x03fa65d0                cs8556_i2c_write
                0x03fa6600                cs8556_dumpRegs
                0x03fa6710                cs8556_isEnable
                0x03fa6728                cs8556_check_plugin
                0x03fa674c                cs8556_reinitialize_table
                0x03fa67d0                cs8556_init
                0x03fa6890                cs8556_interrupt
                0x03fa68b4                cs8556_module_init
 .text          0x03fa68cc      0x180 common/libcommon.a(wmt-ost.o)
                0x03fa68cc                wmt_write_ostc
                0x03fa6910                wmt_init_ost
                0x03fa6970                wmt_read_ostc
                0x03fa6a08                wmt_delayus
 .text          0x03fa6a4c      0x4e0 common/libcommon.a(vpp-osif.o)
                0x03fa6a4c                inl
                0x03fa6a54                outl
                0x03fa6a5c                vppif_reg8_in
                0x03fa6a64                vppif_reg8_out
                0x03fa6a70                vppif_reg16_in
                0x03fa6a78                vppif_reg16_out
                0x03fa6a84                vppif_reg32_in
                0x03fa6a88                vppif_reg32_out
                0x03fa6aa8                vppif_reg32_write
                0x03fa6ae0                vppif_reg32_read
                0x03fa6afc                vppif_reg32_mask
                0x03fa6b04                vpp_request_irq
                0x03fa6b0c                vpp_free_irq
                0x03fa6b10                wmt_getsyspara
                0x03fa6b68                vpp_parse_param
                0x03fa6bfc                vpp_lock
                0x03fa6c00                vpp_unlock
                0x03fa6c04                vpp_i2c_xfer
                0x03fa6c08                vpp_i2c_init
                0x03fa6c1c                vpp_i2c_release
                0x03fa6c24                vpp_i2c_set_lock
                0x03fa6c28                vpp_i2c_enhanced_ddc_read
                0x03fa6d3c                vpp_i2c_read
                0x03fa6e48                vpp_i2c_write
                0x03fa6f20                DelayMS
 .text          0x03fa6f2c      0x8b4 common/libcommon.a(sw_i2c.o)
                0x03fa6f34                wmt_swi2c_lock
                0x03fa6f38                wmt_swi2c_delay
                0x03fa6f3c                wmt_swi2c_SetSDAInput
                0x03fa6f78                wmt_swi2c_SetSDAOutput
                0x03fa6fb4                wmt_swi2c_GetSDA
                0x03fa6fdc                wmt_swi2c_GetSCL
                0x03fa7004                wmt_swi2c_SetSDA
                0x03fa70ac                wmt_swi2c_SetSCL
                0x03fa7154                wmt_swi2c_SetData
                0x03fa71a0                wmt_swi2c_SetClock
                0x03fa71f8                wmt_swi2c_StartI2C
                0x03fa7254                wmt_swi2c_StopI2C
                0x03fa72ac                wmt_swi2c_WriteAck
                0x03fa7330                wmt_swi2c_ReadAck
                0x03fa73fc                wmt_swi2c_tx
                0x03fa7458                wmt_swi2c_rx
                0x03fa74c0                wmt_swi2c_reg_bk
                0x03fa752c                wmt_swi2c_read
                0x03fa7600                wmt_swi2c_write
                0x03fa76ac                wmt_swi2c_check
 .text          0x03fa77e0      0x104 lib_generic/libgeneric.a(crc32.o)
                0x03fa77e0                crc32
 .text          0x03fa78e4        0x0 lib_generic/libgeneric.a(ctype.o)
 .text          0x03fa78e4       0xbc lib_generic/libgeneric.a(display_options.o)
                0x03fa78e4                display_options
                0x03fa7904                print_size
 .text          0x03fa79a0      0x584 lib_generic/libgeneric.a(string.o)
                0x03fa79bc                strnicmp
                0x03fa7a30                strcpy
                0x03fa7a48                strncpy
                0x03fa7a68                strcat
                0x03fa7a94                strncat
                0x03fa7adc                strcmp
                0x03fa7b04                strncmp
                0x03fa7b40                strchr
                0x03fa7b74                strlen
                0x03fa7b90                strrchr
                0x03fa7bcc                strnlen
                0x03fa7bf0                strdup
                0x03fa7c24                strspn
                0x03fa7c64                strpbrk
                0x03fa7ca0                strtok
                0x03fa7d18                strsep
                0x03fa7d4c                strswab
                0x03fa7d98                memset
                0x03fa7db0                bcopy
                0x03fa7dd0                memcpy
                0x03fa7dec                memmove
                0x03fa7e30                memcmp
                0x03fa7e68                memscan
                0x03fa7e90                strstr
                0x03fa7ef0                memchr
 .text          0x03fa7f24      0x860 lib_generic/libgeneric.a(vsprintf.o)
                0x03fa8180                simple_strtoul
                0x03fa8238                simple_strtol
                0x03fa8260                simple_strtoull
                0x03fa8348                vsprintf
                0x03fa8714                sprintf
                0x03fa8738                panic
 .text          0x03fa8784     0x2b80 lib_generic/libgeneric.a(zlib.o)
                0x03fa9040                adler32
                0x03fa9314                inflateReset
                0x03fa9370                inflateEnd
                0x03fa9404                inflateInit2
                0x03fa9554                inflateInit
                0x03fa955c                inflate
                0x03fab0d8                inflateIncomp
                0x03fab208                inflateSync
 .text          0x03fab304       0x50 board/wmt/libwmt.a(wmt.o)
                0x03fab304                board_init
                0x03fab32c                misc_init_r
                0x03fab334                dram_init
                0x03fab350                __aeabi_unwind_cpp_pr0
 .text          0x03fab354      0x440 board/wmt/libwmt.a(flash.o)
                0x03fab354                get_boot_flash_type
                0x03fab3ec                get_boot_nor_flash_bit_type
                0x03fab41c                get_boot_nand_flash_bit_type
                0x03fab460                flash_init
                0x03fab68c                flash_print_info
                0x03fab6d8                flash_erase
                0x03fab72c                write_buff
 .text          0x03fab794       0x24 board/wmt/libwmt.a(main.o)
                0x03fab794                wmt_post
 .text          0x03fab7b8      0x6c4 board/wmt/libwmt.a(spi_flash.o)
                0x03fab884                spi_flash_init
                0x03fabb84                spi_flash_print_info
                0x03fabc3c                spi_flash_erase
                0x03fabe20                spi_write_buff
 .text          0x03fabe7c       0x1c board/wmt/libwmt.a(nand_flash.o)
                0x03fabe7c                nand_flash_init
                0x03fabe84                nand_flash_print_info
                0x03fabe88                nand_flash_erase
                0x03fabe90                nand_write_buff
 .text          0x03fabe98      0xd0c board/wmt/libwmt.a(nor_flash_8bit.o)
                0x03fabed4                nor_flash_8b_init
                0x03fac3a4                nor_flash_8b_print_info
                0x03fac68c                nor_flash_8b_erase
                0x03fac900                nor_flash_8b_write_buff
 .text          0x03facba4     0x1134 board/wmt/libwmt.a(nor_flash_16bit.o)
                0x03facbd4                nor_flash_16b_init
                0x03fad4d0                nor_flash_16b_print_info
                0x03fad714                nor_flash_16b_erase
                0x03fad98c                nor_flash_16b_write_buff
 .text          0x03fadcd8      0xe6c board/wmt/libwmt.a(wmt_clk.o)
                0x03fae068                auto_pll_divisor
                0x03fae988                manu_pll_divisor
 .text          0x03faeb44     0x10d0 board/wmt/libwmt.a(ehci-hcd.o)
                0x03faeca0                ehci_submit_root
                0x03faf11c                ehci_hcd_init
                0x03faf140                ehci_hcd_stop
                0x03faf150                usb_lowlevel_stop
                0x03faf154                strtochar
                0x03faf17c                ehci_config_port_owner
                0x03faf318                ehci_disable_port_owner
                0x03faf39c                ehci_detect_device
                0x03faf464                ehci_enable_port
                0x03faf54c                usb_ehci_initial
                0x03faf57c                submit_int_msg
                0x03faf584                usb_check_td
                0x03faf5cc                usb_check_bulk_td
                0x03faf998                submit_control_msg
                0x03faf9c8                submit_bulk_msg
                0x03faf9fc                parse_usb_param
                0x03fafab0                usb_lowlevel_init
 .text          0x03fafc14     0x1448 board/wmt/libwmt.a(usb_uhci.o)
                0x03fafcf0                usb_fill_td
                0x03fafd10                usb_fill_qh
                0x03fafd30                usb_uhci_td_stat
                0x03fafd84                usb_get_td_status
                0x03fafe40                submit_uhci_control_msg
                0x03faffe0                submit_uhci_bulk_msg
                0x03fb0164                uhci_alloc_int_td
                0x03fb01a4                submit_uhci_int_msg
                0x03fb0298                reset_hc
                0x03fb02d8                start_hc
                0x03fb0458                reset_hc2
                0x03fb0498                start_hc2
                0x03fb0604                usb_init_skel
                0x03fb0744                usb_check_skel
                0x03fb07ac                usb_check_int_chain
                0x03fb0890                handle_usb_interrupt
                0x03fb08ec                uhci_lowlevel_init
                0x03fb09a0                uhci_lowlevel_stop
                0x03fb09d4                uhci_submit_rh_msg
 .text          0x03fb105c      0x6ec board/wmt/libwmt.a(wmt_i2c.o)
                0x03fb10bc                i2c_init
                0x03fb11b0                i2c_transfer
                0x03fb1558                i2c_probe
                0x03fb1560                i2c_read
                0x03fb15fc                i2c_write
                0x03fb16b0                i2c_reg_read
                0x03fb16d0                i2c_reg_write
                0x03fb16f0                wmt_i2c_transfer
 .text          0x03fb1748      0x67c board/wmt/libwmt.a(wmt_i2c_1.o)
                0x03fb17a8                i2c1_init
                0x03fb1860                i2c1_transfer
                0x03fb1c08                i2c1_probe
                0x03fb1c10                i2c1_read
                0x03fb1cd0                i2c1_write
                0x03fb1d84                i2c1_reg_read
                0x03fb1da4                i2c1_reg_write
 .text          0x03fb1dc4      0x64c board/wmt/libwmt.a(wmt_i2c_2.o)
                0x03fb1e24                i2c2_init
                0x03fb1ed0                i2c2_transfer
                0x03fb2278                i2c2_probe
                0x03fb2280                i2c2_read
                0x03fb231c                i2c2_write
                0x03fb23d0                i2c2_reg_read
                0x03fb23f0                i2c2_reg_write
 .text          0x03fb2410      0x654 board/wmt/libwmt.a(wmt_i2c_3.o)
                0x03fb2470                i2c3_init
                0x03fb2524                i2c3_transfer
                0x03fb28cc                i2c3_probe
                0x03fb28d4                i2c3_read
                0x03fb2970                i2c3_write
                0x03fb2a24                i2c3_reg_read
                0x03fb2a44                i2c3_reg_write
 .text          0x03fb2a64       0xd8 cpu/arm920t/libarm920t.a(cpu.o)
                0x03fb2aa0                cpu_init
                0x03fb2aa8                cleanup_before_linux
                0x03fb2adc                do_reset
                0x03fb2af4                icache_enable
                0x03fb2b10                icache_disable
                0x03fb2b2c                icache_status
 .text          0x03fb2b3c      0x188 cpu/arm920t/wmt/libwmt.a(serial.o)
                0x03fb2b3c                serial_putc
                0x03fb2b6c                serial_puts
                0x03fb2b8c                serial_getc
                0x03fb2bb0                serial_tstc
                0x03fb2bc8                serial_setbrg
                0x03fb2c98                serial_init
 .text          0x03fb2cc4       0x38 cpu/arm920t/wmt/libwmt.a(ether.o)
                0x03fb2cc4                eth_init
                0x03fb2cc8                eth_send
                0x03fb2ccc                eth_rx
                0x03fb2cd0                eth_halt
                0x03fb2cd4                wmt_miiphy_read
                0x03fb2ce4                wmt_miiphy_write
                0x03fb2cf4                wmt_miiphy_initialize
 .text          0x03fb2cfc      0x398 cpu/arm920t/wmt/libwmt.a(macif.o)
                0x03fb2cfc                mac_startio
                0x03fb2db8                mac_send
                0x03fb2f2c                mac_receive
                0x03fb3030                mac_halt
                0x03fb3034                mii_read
                0x03fb3064                mii_write
 .text          0x03fb3094      0x718 cpu/arm920t/wmt/libwmt.a(adapter.o)
                0x03fb3094                ADPbShutdown
                0x03fb30d8                ADPuInitAll
                0x03fb3364                CARDvSetLoopbackMode
                0x03fb3390                CARDvSetMediaLinkMode
                0x03fb3580                ADPbInitializeEx
                0x03fb36cc                ADPbBind
 .text          0x03fb37ac      0x434 cpu/arm920t/wmt/libwmt.a(alloct.o)
                0x03fb37ac                ALCbAllocateRdrMemory
                0x03fb387c                ALCbAllocateTdrBuffer
                0x03fb3900                ALCbAllocateTdrMemory
                0x03fb3978                ALCvChainRdrMemory
                0x03fb3a04                ALCvChainTdrMemory
                0x03fb3a98                ALCvFreeRdrMemory
                0x03fb3adc                ALCvFreeTdrMemory
                0x03fb3b20                ALCvSetDefaultRD
                0x03fb3b24                ALCvSetDefaultTD
 .text          0x03fb3be0      0x5e8 cpu/arm920t/wmt/libwmt.a(mii.o)
                0x03fb3be0                MIIbReadEmbedded
                0x03fb3c4c                MIIbIsRegBitsOn
                0x03fb3c7c                MIIbIsAutoNegotiationOn
                0x03fb3c88                MIIbIsRegBitsOff
                0x03fb3cb4                MIIbIsInFullDuplexMode
                0x03fb3ddc                MIIbIsIn100MMode
                0x03fb3f00                MIIbWriteEmbedded
                0x03fb3f68                MIIvInitialize
                0x03fb403c                MIIvSetLoopbackMode
                0x03fb4168                MIIvWaitForNwayCompleted
 .text          0x03fb41c8       0xa0 cpu/arm920t/wmt/libwmt.a(mem.o)
                0x03fb41c8                MEMvAlign
                0x03fb4204                MEMvAllocateShared
                0x03fb4260                MEMvCopy
                0x03fb4264                MEMvSet
 .text          0x03fb4268       0xec cpu/arm920t/wmt/libwmt.a(vpci.o)
                0x03fb4268                VPCIvReadB
                0x03fb4278                VPCIvReadW
                0x03fb4288                VPCIvReadD
                0x03fb4298                VPCIvWriteB
                0x03fb42a4                VPCIvRegBitsOff
                0x03fb42d4                VPCIvRegBitsOn
                0x03fb4304                VPCIvInitialize
                0x03fb433c                VPCIvWriteW
                0x03fb4348                VPCIvWriteD
 .text          0x03fb4354      0xc90 cpu/arm920t/wmt/libwmt.a(dma.o)
                0x03fb4354                disable_dma
                0x03fb4370                enable_dma
                0x03fb43a4                request_dma
                0x03fb44a8                clear_dma
                0x03fb4518                free_dma
                0x03fb45a0                setup_dma
                0x03fb46b4                dma_busy
                0x03fb4704                dma_complete
                0x03fb475c                handle_dma_irq
                0x03fb47bc                prepare_dma_descript
                0x03fb484c                start_dma
                0x03fb494c                prepare_dma_long_descript
                0x03fb4994                wake_dma_channel
                0x03fb49b4                add_descript
                0x03fb4a20                init_descriptstack
                0x03fb4ad0                reset_descriptstack
                0x03fb4b10                free_descriptstack
                0x03fb4b34                init_dma
                0x03fb4ca0                set_descript
                0x03fb4e50                handle_transfer
 .text          0x03fb4fe4     0x30f0 cpu/arm920t/wmt/libwmt.a(mmc.o)
                0x03fb4fe4                Change_SD_host
                0x03fb515c                SD_Init_PDMA
                0x03fb5190                sd_init_long_desc
                0x03fb51ec                sd_pdma_handler
                0x03fb52bc                sd_free_pdma
                0x03fb52d8                card_nop
                0x03fb52dc                sd_command
                0x03fb53e8                sd_send_scr
                0x03fb5460                sd_app_command
                0x03fb54f8                sd_alloc_desc_pool
                0x03fb5500                sd_init_short_desc
                0x03fb5534                sd_init_short_desc_with_end
                0x03fb5558                sd_config_desc
                0x03fb5598                sd_dump_memory
                0x03fb559c                sd_config_pdma
                0x03fb55dc                sdmmcSwitch
                0x03fb5788                sdmmcSendExCSD
                0x03fb5854                SD_Init
                0x03fb64fc                SD_Initialization
                0x03fb6568                mmc_get_dev
                0x03fb65b4                mmc_block_read_singleblock
                0x03fb669c                mmc_block_read_multiblock
                0x03fb6934                mmc_bread
                0x03fb69c4                mmc_block_write_singleblock
                0x03fb6b14                mmc_block_write_multiblock
                0x03fb6dc8                mmc_bwrite
                0x03fb6e60                mmc_read
                0x03fb6f00                mmc_write
                0x03fb6f08                sd_set_clock
                0x03fb745c                mmc_ident
                0x03fb7464                mmc2info
                0x03fb7478                get_chip_version
                0x03fb7528                SD_Controller_Powerup
                0x03fb7e04                mmc_init
                0x03fb8078                SD_card_inserted
 .text          0x03fb80d4      0x6f4 cpu/arm920t/wmt/libwmt.a(mac.o)
                0x03fb80d4                MACbIsIn100MMode
                0x03fb8104                MACbIsRegBitsOff
                0x03fb8118                MACbIsCableLinkOk
                0x03fb8124                MACbIsRegBitsOn
                0x03fb813c                MACvIsInFullDuplexMode
                0x03fb815c                MACbStop
                0x03fb819c                MACbSafeTxOff
                0x03fb81f4                MACbyReadEECSR
                0x03fb81fc                MACbyReadMIICR
                0x03fb8204                MACbyReadMultiAddr
                0x03fb8210                MACvWriteMultiAddr
                0x03fb821c                MACvIntDisable
                0x03fb822c                MACvIntEnable
                0x03fb823c                MACvEnableMiiAutoPoll
                0x03fb8288                MACvSafeDisableMiiAutoPoll
                0x03fb82b4                MACvReadISR
                0x03fb82c8                MACvWriteISR
                0x03fb82d8                MACvRestoreContext
                0x03fb8350                MACvSaveContext
                0x03fb83c4                MACvSetDmaLength
                0x03fb83d8                MACvSetDuplexMode
                0x03fb8404                MACvSetLoopbackMode
                0x03fb8418                MACbSafeRxOff
                0x03fb84a8                MACvSetPacketFilter
                0x03fb850c                MACvSetRxThreshold
                0x03fb8530                MACvGetTxThreshold
                0x03fb8550                MACvSetTxThreshold
                0x03fb8574                MACvTimer0MicroSDelay
                0x03fb85b0                MACvTimer0MiniSDelay
                0x03fb85ec                MACbSoftwareReset
                0x03fb865c                MACvInitialize
                0x03fb8710                MACbSafeSoftwareReset
                0x03fb8754                MACbSafeStop
                0x03fb87ac                MACvWriteEECSR
                0x03fb87bc                MACbyGetPhyId
 .text          0x03fb87c8      0x44c lib_arm/libarm.a(armlinux.o)
                0x03fb88d4                do_bootm_linux
 .text          0x03fb8c14        0x4 lib_arm/libarm.a(cache.o)
                0x03fb8c14                flush_cache
 .text          0x03fb8c18     0x1bcc fs/fat/libfat.a(fat.o)
                0x03fb8e6c                disk_read
                0x03fb9450                disk_write
                0x03fb9580                fat_register_device
                0x03fb96cc                do_fat_read
                0x03fba038                do_fat_write
                0x03fba624                file_fat_detectfs
                0x03fba768                file_fat_ls
                0x03fba778                file_fat_read
                0x03fba7b0                file_fat_write
 .text          0x03fba7e4      0x2a8 disk/libdisk.a(part.o)
                0x03fba7e4                dev_print
                0x03fba984                init_part
                0x03fba9a0                get_partition_info
                0x03fba9c8                print_part
 .text          0x03fbaa8c      0x4c4 disk/libdisk.a(part_dos.o)
                0x03fbaeb0                test_part_dos
                0x03fbaf04                print_part_dos
                0x03fbaf30                get_partition_info_dos
 .text          0x03fbaf50       0x74 cpu/arm920t/wmt/libwmt.a(zde.o)
                0x03fbaf50                semi_bootloados
 .text          0x03fbafc4      0x20c /home/pd2/toolchain/arm_201103_gcc4.5.2/bin/../lib/gcc/arm-none-linux-gnueabi/4.5.2/libgcc.a(_udivsi3.o)
                0x03fbafc4                __udivsi3
                0x03fbafc4                __aeabi_uidiv
                0x03fbb1b0                __aeabi_uidivmod
 .text          0x03fbb1d0      0x240 /home/pd2/toolchain/arm_201103_gcc4.5.2/bin/../lib/gcc/arm-none-linux-gnueabi/4.5.2/libgcc.a(_divsi3.o)
                0x03fbb1d0                __aeabi_idiv
                0x03fbb1d0                __divsi3
                0x03fbb3f0                __aeabi_idivmod
 .text          0x03fbb410       0x1c /home/pd2/toolchain/arm_201103_gcc4.5.2/bin/../lib/gcc/arm-none-linux-gnueabi/4.5.2/libgcc.a(_lshrdi3.o)
                0x03fbb410                __aeabi_llsr
                0x03fbb410                __lshrdi3
 .text          0x03fbb42c       0x1c /home/pd2/toolchain/arm_201103_gcc4.5.2/bin/../lib/gcc/arm-none-linux-gnueabi/4.5.2/libgcc.a(_ashldi3.o)
                0x03fbb42c                __ashldi3
                0x03fbb42c                __aeabi_llsl
 .text          0x03fbb448       0x10 /home/pd2/toolchain/arm_201103_gcc4.5.2/bin/../lib/gcc/arm-none-linux-gnueabi/4.5.2/libgcc.a(_dvmd_lnx.o)
                0x03fbb448                __aeabi_ldiv0
                0x03fbb448                __aeabi_idiv0

.glue_7         0x03fbb458        0x0
 .glue_7        0x00000000        0x0 linker stubs

.glue_7t        0x03fbb458        0x0
 .glue_7t       0x00000000        0x0 linker stubs

.vfp11_veneer   0x03fbb458        0x0
 .vfp11_veneer  0x00000000        0x0 linker stubs

.v4_bx          0x03fbb458        0x0
 .v4_bx         0x00000000        0x0 linker stubs
                0x03fbb458                . = ALIGN (0x4)

.rodata         0x03fbb458     0x21a0
 *(.rodata)
 .rodata        0x03fbb458       0x80 cpu/arm920t/libarm920t.a(interrupts.o)
 .rodata        0x03fbb4d8       0x26 lib_arm/libarm.a(board.o)
                0x03fbb4d8                version_string
 .rodata        0x03fbb4fe        0x7 net/libnet.a(net.o)
 *fill*         0x03fbb505        0x3 00
 .rodata        0x03fbb508       0xb4 common/libcommon.a(cmd_bootm.o)
 .rodata        0x03fbb5bc       0x58 common/libcommon.a(cmd_mem.o)
 .rodata        0x03fbb614       0x10 common/libcommon.a(cmd_dma.o)
 .rodata        0x03fbb624      0x10c common/libcommon.a(cmd_nand.o)
 .rodata        0x03fbb730        0xc common/libcommon.a(wmt_cmd_display.o)
 .rodata        0x03fbb73c      0x840 common/libcommon.a(minivgui.o)
 .rodata        0x03fbbf7c       0x34 common/libcommon.a(usb_storage.o)
 .rodata        0x03fbbfb0       0xb8 common/libcommon.a(govrh.o)
 .rodata        0x03fbc068       0xa4 common/libcommon.a(vout.o)
 .rodata        0x03fbc10c        0xd common/libcommon.a(lcd.o)
 *fill*         0x03fbc119        0x3 00
 .rodata        0x03fbc11c       0x20 common/libcommon.a(lvds.o)
 .rodata        0x03fbc13c      0xbbc common/libcommon.a(vpp.o)
                0x03fbc13c                vpp_video_mode_table
                0x03fbca9c                hdmi_vic_info
                0x03fbcb70                vpp_csc_parm
 .rodata        0x03fbccf8       0x9c common/libcommon.a(hdmi.o)
 .rodata        0x03fbcd94       0x18 common/libcommon.a(parse-edid.o)
                0x03fbcd94                edid_v1_descriptor_flag
                0x03fbcda4                edid_v1_header
 .rodata        0x03fbcdac       0x5b common/libcommon.a(vout-wmt.o)
 *fill*         0x03fbce07        0x1 00
 .rodata        0x03fbce08       0x14 common/libcommon.a(lcd-oem.o)
 .rodata        0x03fbce1c       0x9c common/libcommon.a(cs8556.o)
 .rodata        0x03fbceb8       0x35 common/libcommon.a(vpp-osif.o)
 *fill*         0x03fbceed        0x3 00
 .rodata        0x03fbcef0      0x400 lib_generic/libgeneric.a(crc32.o)
 .rodata        0x03fbd2f0       0x90 lib_generic/libgeneric.a(zlib.o)
 .rodata        0x03fbd380        0xc board/wmt/libwmt.a(flash.o)
 .rodata        0x03fbd38c      0x21c board/wmt/libwmt.a(nor_flash_16bit.o)
 .rodata        0x03fbd5a8       0x3f board/wmt/libwmt.a(ehci-hcd.o)
 *fill*         0x03fbd5e7        0x1 00
 .rodata        0x03fbd5e8       0x10 cpu/arm920t/wmt/libwmt.a(alloct.o)

.rodata.str1.1  0x03fbd5f8     0xb4f2
 .rodata.str1.1
                0x03fbd5f8      0x264 cpu/arm920t/libarm920t.a(interrupts.o)
                                0x27b (size before relaxing)
 .rodata.str1.1
                0x03fbd85c       0xff lib_arm/libarm.a(board.o)
                                0x101 (size before relaxing)
 .rodata.str1.1
                0x03fbd95b      0x1ba net/libnet.a(net.o)
                                0x1c2 (size before relaxing)
 .rodata.str1.1
                0x03fbdb15      0x174 net/libnet.a(tftp.o)
                                0x1b5 (size before relaxing)
 .rodata.str1.1
                0x03fbdc89       0xcc net/libnet.a(bootp.o)
                                 0xfc (size before relaxing)
 .rodata.str1.1
                0x03fbdd55       0x13 net/libnet.a(rarp.o)
                                 0x47 (size before relaxing)
 .rodata.str1.1
                0x03fbdd68       0xe4 net/libnet.a(nfs.o)
                                0x16c (size before relaxing)
 .rodata.str1.1
                0x03fbde4c      0x10b common/libcommon.a(main.o)
                                0x10e (size before relaxing)
 .rodata.str1.1
                0x03fbdf57       0xec common/libcommon.a(cmd_autoscript.o)
 .rodata.str1.1
                0x03fbe043       0xb2 common/libcommon.a(cmd_bdinfo.o)
 .rodata.str1.1
                0x03fbe0f5      0x106 common/libcommon.a(cmd_boot.o)
                                0x111 (size before relaxing)
 .rodata.str1.1
                0x03fbe1fb      0x7a6 common/libcommon.a(cmd_bootm.o)
                                0x806 (size before relaxing)
 .rodata.str1.1
                0x03fbe9a1       0x67 common/libcommon.a(cmd_console.o)
                                 0x6c (size before relaxing)
 .rodata.str1.1
                0x03fbea08      0x54c common/libcommon.a(cmd_fat.o)
                                0x55b (size before relaxing)
 .rodata.str1.1
                0x03fbef54      0x745 common/libcommon.a(cmd_flash.o)
                                0x75d (size before relaxing)
 .rodata.str1.1
                0x03fbf699      0x42d common/libcommon.a(cmd_i2c.o)
                                0x468 (size before relaxing)
 .rodata.str1.1
                0x03fbfac6      0x468 common/libcommon.a(cmd_ide.o)
                                0x503 (size before relaxing)
 .rodata.str1.1
                0x03fbff2e       0xba common/libcommon.a(cmd_itest.o)
                                 0xca (size before relaxing)
 .rodata.str1.1
                0x03fbffe8      0x2dc common/libcommon.a(cmd_load.o)
                                0x2f2 (size before relaxing)
 .rodata.str1.1
                0x03fc02c4      0x64f common/libcommon.a(cmd_mem.o)
                                0x6a3 (size before relaxing)
 .rodata.str1.1
                0x03fc0913      0x785 common/libcommon.a(cmd_mii.o)
                                0x7a6 (size before relaxing)
 .rodata.str1.1
                0x03fc1098       0x6b common/libcommon.a(cmd_misc.o)
                                 0x76 (size before relaxing)
 .rodata.str1.1
                0x03fc1103      0x619 common/libcommon.a(cmd_mmc.o)
                                0x6b0 (size before relaxing)
 .rodata.str1.1
                0x03fc171c       0x38 common/libcommon.a(cmd_dma.o)
                                 0xa0 (size before relaxing)
 .rodata.str1.1
                0x03fc1754     0x1b3c common/libcommon.a(cmd_nand.o)
                               0x1c0b (size before relaxing)
 .rodata.str1.1
                0x03fc3290      0x20f common/libcommon.a(cmd_net.o)
                                0x282 (size before relaxing)
 .rodata.str1.1
                0x03fc349f      0x2c6 common/libcommon.a(cmd_nvedit.o)
                                0x350 (size before relaxing)
 .rodata.str1.1
                0x03fc3765      0x72e common/libcommon.a(cmd_usb.o)
                                0x922 (size before relaxing)
 .rodata.str1.1
                0x03fc3e93      0x2ed common/libcommon.a(command.o)
                                0x341 (size before relaxing)
 .rodata.str1.1
                0x03fc4180       0x70 common/libcommon.a(console.o)
                                 0x74 (size before relaxing)
 .rodata.str1.1
                0x03fc41f0       0x2f common/libcommon.a(devices.o)
                                 0x43 (size before relaxing)
 .rodata.str1.1
                0x03fc421f       0x33 common/libcommon.a(env_common.o)
                                 0x37 (size before relaxing)
 .rodata.str1.1
                0x03fc4252       0x7f common/libcommon.a(env_flash.o)
                                 0x85 (size before relaxing)
 .rodata.str1.1
                0x03fc42d1      0x151 common/libcommon.a(wmt_cmd_display.o)
                                0x185 (size before relaxing)
 .rodata.str1.1
                0x03fc4422       0x4a common/libcommon.a(minivgui.o)
 .rodata.str1.1
                0x03fc446c       0xff common/libcommon.a(uboot-vpp.o)
                                0x14e (size before relaxing)
 .rodata.str1.1
                0x03fc456b       0xe9 common/libcommon.a(cmd_mbit.o)
                                0x110 (size before relaxing)
 .rodata.str1.1
                0x03fc4654      0x299 common/libcommon.a(cmd_textout.o)
                                0x2aa (size before relaxing)
 .rodata.str1.1
                0x03fc48ed      0x28e common/libcommon.a(env_parse.o)
                                0x2b2 (size before relaxing)
 .rodata.str1.1
                0x03fc4b7b       0xf7 common/libcommon.a(flash.o)
                                0x10c (size before relaxing)
 .rodata.str1.1
                0x03fc4c72      0x14b common/libcommon.a(hush.o)
                                0x1ae (size before relaxing)
 .rodata.str1.1
                0x03fc4dbd      0x174 common/libcommon.a(miiphyutil.o)
                                0x176 (size before relaxing)
 .rodata.str1.1
                0x03fc4f31      0x29e common/libcommon.a(usb.o)
 .rodata.str1.1
                0x03fc51cf      0x1cc common/libcommon.a(usb_storage.o)
                                0x1de (size before relaxing)
 .rodata.str1.1
                0x03fc539b       0x1b common/libcommon.a(pwm.o)
 .rodata.str1.1
                0x03fc53b6      0x39b common/libcommon.a(govrh.o)
                                0x3c6 (size before relaxing)
 .rodata.str1.1
                0x03fc5751      0x1e0 common/libcommon.a(vout.o)
                                0x20d (size before relaxing)
 .rodata.str1.1
                0x03fc5931       0x36 common/libcommon.a(lcd.o)
 .rodata.str1.1
                0x03fc5967       0xd1 common/libcommon.a(lvds.o)
 .rodata.str1.1
                0x03fc5a38      0x391 common/libcommon.a(vpp.o)
                                0x3a6 (size before relaxing)
 .rodata.str1.1
                0x03fc5dc9      0x4e3 common/libcommon.a(hdmi.o)
                                0x4ea (size before relaxing)
 .rodata.str1.1
                0x03fc62ac      0x9ca common/libcommon.a(parse-edid.o)
                                0x9da (size before relaxing)
 .rodata.str1.1
                0x03fc6c76      0x29f common/libcommon.a(vout-wmt.o)
 .rodata.str1.1
                0x03fc6f15       0x68 common/libcommon.a(lcd-oem.o)
 .rodata.str1.1
                0x03fc6f7d       0x23 common/libcommon.a(lcd-AUO-A080SN01.o)
 .rodata.str1.1
                0x03fc6fa0       0x12 common/libcommon.a(lcd-INNOLUX-AT070TN83.o)
 .rodata.str1.1
                0x03fc6fb2       0x48 common/libcommon.a(lcd-CHILIN-LW700at9003.o)
 .rodata.str1.1
                0x03fc6ffa       0x3b common/libcommon.a(lcd-EKING-EK08009-70135.o)
 .rodata.str1.1
                0x03fc7035       0x47 common/libcommon.a(lcd-HANNSTAR-HSD101PFW2.o)
 .rodata.str1.1
                0x03fc707c       0x2e common/libcommon.a(vt1632.o)
                                 0x35 (size before relaxing)
 .rodata.str1.1
                0x03fc70aa      0x1e3 common/libcommon.a(cs8556.o)
                                0x1eb (size before relaxing)
 .rodata.str1.1
                0x03fc728d       0x32 common/libcommon.a(wmt-ost.o)
 .rodata.str1.1
                0x03fc72bf       0x24 common/libcommon.a(vpp-osif.o)
 .rodata.str1.1
                0x03fc72e3       0x40 common/libcommon.a(sw_i2c.o)
                                 0x41 (size before relaxing)
 .rodata.str1.1
                0x03fc7323       0x18 lib_generic/libgeneric.a(display_options.o)
 .rodata.str1.1
                0x03fc733b       0x51 lib_generic/libgeneric.a(vsprintf.o)
 .rodata.str1.1
                0x03fc738c      0x1f3 lib_generic/libgeneric.a(zlib.o)
                                0x1f4 (size before relaxing)
 .rodata.str1.1
                0x03fc757f       0x9c board/wmt/libwmt.a(flash.o)
                                 0x9e (size before relaxing)
 .rodata.str1.1
                0x03fc761b      0x273 board/wmt/libwmt.a(spi_flash.o)
                                0x294 (size before relaxing)
 .rodata.str1.1
                0x03fc788e      0x29b board/wmt/libwmt.a(nor_flash_8bit.o)
                                0x325 (size before relaxing)
 .rodata.str1.1
                0x03fc7b29      0x102 board/wmt/libwmt.a(nor_flash_16bit.o)
                                0x3ce (size before relaxing)
 .rodata.str1.1
                0x03fc7c2b      0x1e1 board/wmt/libwmt.a(wmt_clk.o)
 .rodata.str1.1
                0x03fc7e0c      0x11a board/wmt/libwmt.a(ehci-hcd.o)
 .rodata.str1.1
                0x03fc7f26      0x32a board/wmt/libwmt.a(usb_uhci.o)
                                0x32c (size before relaxing)
 .rodata.str1.1
                0x03fc8250       0x1d board/wmt/libwmt.a(wmt_i2c.o)
 .rodata.str1.1
                0x03fc826d       0xb9 cpu/arm920t/wmt/libwmt.a(macif.o)
 .rodata.str1.1
                0x03fc8326       0x73 cpu/arm920t/wmt/libwmt.a(adapter.o)
 .rodata.str1.1
                0x03fc8399       0x36 cpu/arm920t/wmt/libwmt.a(alloct.o)
 .rodata.str1.1
                0x03fc83cf      0x11a cpu/arm920t/wmt/libwmt.a(dma.o)
 .rodata.str1.1
                0x03fc84e9      0x16a cpu/arm920t/wmt/libwmt.a(mmc.o)
 .rodata.str1.1
                0x00000000        0x2 cpu/arm920t/wmt/libwmt.a(mac.o)
 .rodata.str1.1
                0x03fc8653      0x10b lib_arm/libarm.a(armlinux.o)
                                0x17a (size before relaxing)
 .rodata.str1.1
                0x03fc875e      0x150 fs/fat/libfat.a(fat.o)
                                0x1c3 (size before relaxing)
 .rodata.str1.1
                0x03fc88ae      0x152 disk/libdisk.a(part.o)
                                0x17a (size before relaxing)
 .rodata.str1.1
                0x03fc8a00       0xea disk/libdisk.a(part_dos.o)
                                 0xf6 (size before relaxing)
                0x03fc8aec                . = ALIGN (0x4)

.data           0x03fc8aec     0x5cc8
 *(.data)
 .data          0x03fc8aec        0x0 cpu/arm920t/start.o
 .data          0x03fc8aec        0x0 board/wmt/libwmt.a(lowlevel_init.o)
 .data          0x03fc8aec        0x0 cpu/arm920t/libarm920t.a(interrupts.o)
 .data          0x03fc8aec        0x0 cpu/arm920t/wmt/libwmt.a(interrupts.o)
 .data          0x03fc8aec       0x2c lib_arm/libarm.a(board.o)
                0x03fc8aec                init_sequence
 .data          0x03fc8b18        0xa net/libnet.a(net.o)
                0x03fc8b18                NetOurVLAN
                0x03fc8b1a                NetBcastAddr
                0x03fc8b20                NetOurNativeVLAN
 .data          0x03fc8b22        0x0 net/libnet.a(tftp.o)
 .data          0x03fc8b22        0x0 net/libnet.a(bootp.o)
 .data          0x03fc8b22        0x0 net/libnet.a(rarp.o)
 .data          0x03fc8b22        0x0 net/libnet.a(eth.o)
 *fill*         0x03fc8b22        0x2 00
 .data          0x03fc8b24        0x4 net/libnet.a(nfs.o)
 .data          0x03fc8b28        0xd common/libcommon.a(main.o)
 .data          0x03fc8b35        0x0 common/libcommon.a(cmd_autoscript.o)
 .data          0x03fc8b35        0x0 common/libcommon.a(cmd_bdinfo.o)
 .data          0x03fc8b35        0x0 common/libcommon.a(cmd_boot.o)
 *fill*         0x03fc8b35        0x3 00
 .data          0x03fc8b38        0x4 common/libcommon.a(cmd_bootm.o)
                0x03fc8b38                load_addr
 .data          0x03fc8b3c        0x0 common/libcommon.a(cmd_console.o)
 .data          0x03fc8b3c        0x0 common/libcommon.a(cmd_fat.o)
 .data          0x03fc8b3c        0x0 common/libcommon.a(cmd_flash.o)
 .data          0x03fc8b3c        0x4 common/libcommon.a(cmd_i2c.o)
 .data          0x03fc8b40        0x4 common/libcommon.a(cmd_ide.o)
 .data          0x03fc8b44       0x68 common/libcommon.a(cmd_itest.o)
                0x03fc8b44                op_table
 .data          0x03fc8bac        0x4 common/libcommon.a(cmd_load.o)
 .data          0x03fc8bb0        0x4 common/libcommon.a(cmd_mem.o)
                0x03fc8bb0                dp_last_length
 .data          0x03fc8bb4      0x2e8 common/libcommon.a(cmd_mii.o)
                0x03fc8bb4                reg_0_5_desc_tbl
                0x03fc8be4                desc_and_len_tbl
                0x03fc8c14                reg_0_desc_tbl
                0x03fc8c8c                reg_1_desc_tbl
                0x03fc8d4c                reg_2_desc_tbl
                0x03fc8d58                reg_3_desc_tbl
                0x03fc8d7c                reg_4_desc_tbl
                0x03fc8e0c                reg_5_desc_tbl
 .data          0x03fc8e9c        0x0 common/libcommon.a(cmd_misc.o)
 .data          0x03fc8e9c        0x4 common/libcommon.a(cmd_mmc.o)
 .data          0x03fc8ea0        0x4 common/libcommon.a(cmd_dma.o)
                0x03fc8ea0                pDma_Reg
 .data          0x03fc8ea4     0x3c44 common/libcommon.a(cmd_nand.o)
                0x03fc8ea4                rdmz
                0x03fcafa8                eslc_map_table
                0x03fcbdc8                chip_table
 .data          0x03fccae8        0x0 common/libcommon.a(cmd_net.o)
 .data          0x03fccae8        0x0 common/libcommon.a(cmd_nvedit.o)
 .data          0x03fccae8        0x4 common/libcommon.a(cmd_usb.o)
 .data          0x03fccaec        0x0 common/libcommon.a(command.o)
 .data          0x03fccaec        0x0 common/libcommon.a(console.o)
 .data          0x03fccaec        0xc common/libcommon.a(devices.o)
                0x03fccaec                stdio_names
 .data          0x03fccaf8      0x414 common/libcommon.a(dlmalloc.o)
 .data          0x03fccf0c      0x138 common/libcommon.a(env_common.o)
                0x03fccf0c                default_environment
                0x03fcd040                env_get_char
 .data          0x03fcd044       0x18 common/libcommon.a(env_flash.o)
                0x03fcd054                env_ptr
                0x03fcd058                env_name_spec
 .data          0x03fcd05c        0x0 common/libcommon.a(exports.o)
 .data          0x03fcd05c        0x0 common/libcommon.a(wmt_cmd_display.o)
 .data          0x03fcd05c        0x0 common/libcommon.a(minivgui.o)
 .data          0x03fcd05c       0xc0 common/libcommon.a(uboot-vpp.o)
                0x03fcd05c                vfb_var
                0x03fcd0fc                video_str
 .data          0x03fcd11c        0x0 common/libcommon.a(cmd_mbit.o)
 .data          0x03fcd11c        0x8 common/libcommon.a(cmd_textout.o)
                0x03fcd11c                text_x
                0x03fcd120                text_y
 .data          0x03fcd124        0x0 common/libcommon.a(env_parse.o)
 .data          0x03fcd124        0x0 common/libcommon.a(flash.o)
 .data          0x03fcd124       0x84 common/libcommon.a(hush.o)
 .data          0x03fcd1a8        0x0 common/libcommon.a(lists.o)
 .data          0x03fcd1a8        0x0 common/libcommon.a(miiphyutil.o)
 .data          0x03fcd1a8        0x0 common/libcommon.a(s_record.o)
 .data          0x03fcd1a8        0x0 common/libcommon.a(usb.o)
 .data          0x03fcd1a8       0x24 common/libcommon.a(usb_storage.o)
                0x03fcd1a8                us_direction
                0x03fcd1c8                CBWTag
 .data          0x03fcd1cc        0x0 common/libcommon.a(pwm.o)
 .data          0x03fcd1cc        0x0 common/libcommon.a(govrh.o)
 .data          0x03fcd1cc       0x3c common/libcommon.a(vout.o)
                0x03fcd1cc                vout_inf_str
                0x03fcd1e4                vout_adpt_str
 .data          0x03fcd208       0x4c common/libcommon.a(lcd.o)
                0x03fcd208                lcd_panel_id
                0x03fcd20c                lcd_panel_bpp
                0x03fcd210                lcd_vout_dev_ops
                0x03fcd250                lcd_panel_on
 .data          0x03fcd254        0x0 common/libcommon.a(lvds.o)
 .data          0x03fcd254       0xbc common/libcommon.a(vpp.o)
                0x03fcd254                vpp_colfmt_str
                0x03fcd288                vpp_vo_boot_arg
                0x03fcd2a0                vpp_vo_boot_arg2
                0x03fcd2b8                vpp_vpath_str
                0x03fcd2d8                vpp_mod_str
 .data          0x03fcd310        0x0 common/libcommon.a(hdmi.o)
 .data          0x03fcd310       0xcc common/libcommon.a(parse-edid.o)
                0x03fcd310                edid_establish_timing
 .data          0x03fcd3dc      0x7d4 common/libcommon.a(vout-wmt.o)
                0x03fcd3dc                vo_swi2c_dvi
                0x03fcd3e4                vo_dvi_inf
                0x03fcd400                vo_hdmi_inf
                0x03fcd41c                vo_lvds_inf
                0x03fcd438                vout_entry_0
                0x03fcd7d4                vout_entry_1
                0x03fcdb70                vout_sys_parm_str
                0x03fcdb78                vo_gpio_scl
                0x03fcdb94                vo_gpio_sda
 .data          0x03fcdbb0      0x140 common/libcommon.a(lcd-oem.o)
                0x03fcdbb0                lcd_oem_parm
                0x03fcdbf0                lcd_oem_parm_1024x600
                0x03fcdc30                lcd_oem_parm_1024x768
                0x03fcdc70                lcd_oem_parm_1366x768
                0x03fcdcb0                lcd_oem_parm_800x480
 .data          0x03fcdcf0       0x40 common/libcommon.a(lcd-AUO-A080SN01.o)
                0x03fcdcf0                lcd_a080sn01_parm
 .data          0x03fcdd30       0x40 common/libcommon.a(lcd-INNOLUX-AT070TN83.o)
                0x03fcdd30                lcd_at070tn83_parm
 .data          0x03fcdd70       0x40 common/libcommon.a(lcd-CHILIN-LW700at9003.o)
                0x03fcdd70                lcd_lw700at9003_parm
 .data          0x03fcddb0       0x40 common/libcommon.a(lcd-EKING-EK08009-70135.o)
                0x03fcddb0                lcd_ek08009_parm
 .data          0x03fcddf0       0x40 common/libcommon.a(lcd-HANNSTAR-HSD101PFW2.o)
                0x03fcddf0                lcd_HSD101PFW2_parm
 .data          0x03fcde30       0x40 common/libcommon.a(vt1632.o)
                0x03fcde30                vt1632_vout_dev_ops
 .data          0x03fcde70        0x0 common/libcommon.a(sil902x.o)
 .data          0x03fcde70      0x240 common/libcommon.a(cs8556.o)
                0x03fce070                cs8556_vout_dev_ops
 .data          0x03fce0b0        0x0 common/libcommon.a(wmt-ost.o)
 .data          0x03fce0b0        0x0 common/libcommon.a(vpp-osif.o)
 .data          0x03fce0b0        0x0 common/libcommon.a(sw_i2c.o)
 .data          0x03fce0b0        0x0 lib_generic/libgeneric.a(crc32.o)
 .data          0x03fce0b0      0x100 lib_generic/libgeneric.a(ctype.o)
                0x03fce0b0                _ctype
 .data          0x03fce1b0        0x0 lib_generic/libgeneric.a(display_options.o)
 .data          0x03fce1b0        0x0 lib_generic/libgeneric.a(string.o)
 .data          0x03fce1b0        0x0 lib_generic/libgeneric.a(vsprintf.o)
 .data          0x03fce1b0      0x210 lib_generic/libgeneric.a(zlib.o)
                0x03fce39c                zlib_version
                0x03fce3a0                z_errmsg
 .data          0x03fce3c0        0x0 board/wmt/libwmt.a(wmt.o)
 .data          0x03fce3c0        0xc board/wmt/libwmt.a(flash.o)
                0x03fce3c0                flash_type
                0x03fce3c4                nor_flash_bit
                0x03fce3c8                nand_flash_bit
 .data          0x03fce3cc        0x0 board/wmt/libwmt.a(main.o)
 .data          0x03fce3cc      0x120 board/wmt/libwmt.a(spi_flash.o)
                0x03fce3cc                sf_ids
 .data          0x03fce4ec        0x0 board/wmt/libwmt.a(nand_flash.o)
 .data          0x03fce4ec        0x0 board/wmt/libwmt.a(nor_flash_8bit.o)
 .data          0x03fce4ec        0x0 board/wmt/libwmt.a(nor_flash_16bit.o)
 .data          0x03fce4ec        0x0 board/wmt/libwmt.a(wmt_clk.o)
 .data          0x03fce4ec       0x38 board/wmt/libwmt.a(ehci-hcd.o)
                0x03fce522                usb_sel
                0x03fce523                ConnectPort
 .data          0x03fce524       0x58 board/wmt/libwmt.a(usb_uhci.o)
                0x03fce524                usb_base_addr
 .data          0x03fce57c        0x0 board/wmt/libwmt.a(wmt_i2c.o)
 .data          0x03fce57c        0x0 board/wmt/libwmt.a(wmt_i2c_1.o)
 .data          0x03fce57c        0x0 board/wmt/libwmt.a(wmt_i2c_2.o)
 .data          0x03fce57c        0x0 board/wmt/libwmt.a(wmt_i2c_3.o)
 .data          0x03fce57c        0x0 cpu/arm920t/libarm920t.a(cpu.o)
 .data          0x03fce57c        0x8 cpu/arm920t/wmt/libwmt.a(serial.o)
                0x03fce57c                pUart_Reg
                0x03fce580                pGpioReg
 .data          0x03fce584        0x0 cpu/arm920t/wmt/libwmt.a(ether.o)
 .data          0x03fce584        0x0 cpu/arm920t/wmt/libwmt.a(macif.o)
 .data          0x03fce584        0x0 cpu/arm920t/wmt/libwmt.a(adapter.o)
 .data          0x03fce584        0x0 cpu/arm920t/wmt/libwmt.a(alloct.o)
 .data          0x03fce584        0x0 cpu/arm920t/wmt/libwmt.a(mii.o)
 .data          0x03fce584        0x0 cpu/arm920t/wmt/libwmt.a(mem.o)
 .data          0x03fce584        0x0 cpu/arm920t/wmt/libwmt.a(vpci.o)